 selftrainedMatching

 Timestamp is 5c053cf5 (Mon Dec 03 15:25:57 2018)

 Preferred load address is 0000000140000000

 Start         Length     Name                   Class
 0001:00000000 0000092eH .text$di                CODE
 0001:00000930 0000a588H .text$mn                CODE
 0001:0000aec0 00000df0H .text$x                 CODE
 0001:0000bcb0 0000022eH .text$yd                CODE
 0002:00000000 000003c0H .idata$5                DATA
 0002:000003c0 00000008H .CRT$XCA                DATA
 0002:000003c8 00000008H .CRT$XCAA               DATA
 0002:000003d0 00000198H .CRT$XCU                DATA
 0002:00000568 00000008H .CRT$XCZ                DATA
 0002:00000570 00000008H .CRT$XIA                DATA
 0002:00000578 00000008H .CRT$XIAA               DATA
 0002:00000580 00000008H .CRT$XIC                DATA
 0002:00000588 00000008H .CRT$XIY                DATA
 0002:00000590 00000008H .CRT$XIZ                DATA
 0002:000005a0 00001470H .rdata                  DATA
 0002:00001a10 00000090H .rdata$debug            DATA
 0002:00001aa0 0000108cH .rdata$r                DATA
 0002:00002b30 00000008H .rtc$IAA                DATA
 0002:00002b38 00000008H .rtc$IZZ                DATA
 0002:00002b40 00000008H .rtc$TAA                DATA
 0002:00002b48 00000008H .rtc$TZZ                DATA
 0002:00002b50 00002490H .xdata                  DATA
 0002:00004fe0 000001dcH .xdata$x                DATA
 0002:000051bc 00000000H .edata                  DATA
 0002:000051bc 00000050H .idata$2                DATA
 0002:0000520c 00000014H .idata$3                DATA
 0002:00005220 000003c0H .idata$4                DATA
 0002:000055e0 00000adaH .idata$6                DATA
 0003:00000000 000000acH .data                   DATA
 0003:000000b0 00000b18H .data$r                 DATA
 0003:00000bd0 00000780H .bss                    DATA
 0004:00000000 00000f3cH .pdata                  DATA
 0005:00000000 00000058H .rsrc$01                DATA
 0005:00000060 00000280H .rsrc$02                DATA

  Address         Publics by Value              Rva+Base               Lib:Object

 0000:00000000       __guard_fids_table         0000000000000000     <absolute>
 0000:00000000       ___safe_se_handler_table   0000000000000000     <absolute>
 0000:00000000       __guard_flags              0000000000000000     <absolute>
 0000:00000000       __guard_fids_count         0000000000000000     <absolute>
 0000:00000000       ___safe_se_handler_count   0000000000000000     <absolute>
 0000:00000000       __ImageBase                0000000140000000     <linker-defined>
 0001:00000930       ??$?6U?$char_traits@D@std@@@std@@YAAEAV?$basic_ostream@DU?$char_traits@D@std@@@0@AEAV10@PEBD@Z 0000000140001930 f i main.obj
 0001:00000b00       ??$enable_current_exception@U?$error_info_injector@Vsystem_error@system@boost@@@exception_detail@boost@@@boost@@YA?AV?$clone_impl@U?$error_info_injector@Vsystem_error@system@boost@@@exception_detail@boost@@@exception_detail@0@AEBU?$error_info_injector@Vsystem_error@system@boost@@@20@@Z 0000000140001b00 f i main.obj
 0001:00000b30       ??$enable_error_info@Vsystem_error@system@boost@@@boost@@YA?AU?$error_info_injector@Vsystem_error@system@boost@@@exception_detail@0@AEBVsystem_error@system@0@@Z 0000000140001b30 f i main.obj
 0001:00000b80       ??$endl@DU?$char_traits@D@std@@@std@@YAAEAV?$basic_ostream@DU?$char_traits@D@std@@@0@AEAV10@@Z 0000000140001b80 f i main.obj
 0001:00000bc0       ??$sleep_for@_JU?$ratio@$00$0DOI@@std@@@this_thread@std@@YAXAEBV?$duration@_JU?$ratio@$00$0DOI@@std@@@chrono@1@@Z 0000000140001bc0 f i main.obj
 0001:00000ca0       ??0?$clone_impl@U?$error_info_injector@Vsystem_error@system@boost@@@exception_detail@boost@@@exception_detail@boost@@AEAA@AEBV012@Uclone_tag@012@@Z 0000000140001ca0 f i main.obj
 0001:00000d60       ??0?$clone_impl@U?$error_info_injector@Vsystem_error@system@boost@@@exception_detail@boost@@@exception_detail@boost@@QEAA@AEBU?$error_info_injector@Vsystem_error@system@boost@@@12@@Z 0000000140001d60 f i main.obj
 0001:00000e20       ??0?$clone_impl@U?$error_info_injector@Vsystem_error@system@boost@@@exception_detail@boost@@@exception_detail@boost@@QEAA@AEBV012@@Z 0000000140001e20 f i main.obj
 0001:00000eb0       ??0?$error_info_injector@Vsystem_error@system@boost@@@exception_detail@boost@@QEAA@AEBU012@@Z 0000000140001eb0 f i main.obj
 0001:00000f40       ??0?$service_id@Vselect_reactor@detail@asio@boost@@@detail@asio@boost@@QEAA@XZ 0000000140001f40 f i main.obj
 0001:00000f40       ??0?$service_id@Vstrand_service@detail@asio@boost@@@detail@asio@boost@@QEAA@XZ 0000000140001f40 f i main.obj
 0001:00000f40       ??0?$_Wrap_alloc@V?$allocator@U?$_Tree_node@U?$pair@$$CBGG@std@@PEAX@std@@@std@@@std@@QEAA@XZ 0000000140001f40 f i FestoCommLib:festo_udp_func.obj
 0001:00000f40       ??0?$service_id@V?$datagram_socket_service@Vudp@ip@asio@boost@@@asio@boost@@@detail@asio@boost@@QEAA@XZ 0000000140001f40 f i udp_func.obj
 0001:00000f40       ??0?$service_id@Vwin_iocp_io_service@detail@asio@boost@@@detail@asio@boost@@QEAA@XZ 0000000140001f40 f i main.obj
 0001:00000f40       ??0?$service_id@V?$resolver_service@Vudp@ip@asio@boost@@@ip@asio@boost@@@detail@asio@boost@@QEAA@XZ 0000000140001f40 f i udp_func.obj
 0001:00000f50       ??0clone_base@exception_detail@boost@@QEAA@AEBV012@@Z 0000000140001f50 f i main.obj
 0001:00000f60       ??0exception@boost@@QEAA@AEBV01@@Z 0000000140001f60 f i main.obj
 0001:00000fc0       ??0runtime_error@std@@QEAA@AEBV01@@Z 0000000140001fc0 f i main.obj
 0001:00000ff0       ??0system_error@system@boost@@QEAA@AEBV012@@Z 0000000140001ff0 f i main.obj
 0001:00001060       ??1?$basic_string@DU?$char_traits@D@std@@V?$allocator@D@2@@std@@QEAA@XZ 0000000140002060 f i main.obj
 0001:000010a0       ??1?$error_info_injector@Vsystem_error@system@boost@@@exception_detail@boost@@UEAA@XZ 00000001400020a0 f i main.obj
 0001:00001120       ??1?$refcount_ptr@Uerror_info_container@exception_detail@boost@@@exception_detail@boost@@QEAA@XZ 0000000140002120 f i main.obj
 0001:00001150       ??1?$service_id@Vwin_iocp_io_service@detail@asio@boost@@@detail@asio@boost@@QEAA@XZ 0000000140002150 f i main.obj
 0001:00001150       ?apc_function@detail@asio@boost@@YAX_K@Z 0000000140002150 f i udp_func.obj
 0001:00001150       ??3@YAXPEAX0@Z             0000000140002150 f i udp_func.obj
 0001:00001150       ?_Destroy@?$_Ref_count_del@XUnoop_deleter@socket_ops@detail@asio@boost@@@std@@EEAAXXZ 0000000140002150 f i udp_func.obj
 0001:00001150       ??1?$service_id@Vstrand_service@detail@asio@boost@@@detail@asio@boost@@QEAA@XZ 0000000140002150 f i main.obj
 0001:00001150       ??1?$service_id@V?$resolver_service@Vudp@ip@asio@boost@@@ip@asio@boost@@@detail@asio@boost@@QEAA@XZ 0000000140002150 f i udp_func.obj
 0001:00001150       ?fork_service@service@io_service@asio@boost@@EEAAXW4fork_event@234@@Z 0000000140002150 f i udp_func.obj
 0001:00001150       ??1?$service_id@Vselect_reactor@detail@asio@boost@@@detail@asio@boost@@QEAA@XZ 0000000140002150 f i main.obj
 0001:00001150       ??1?$service_id@V?$datagram_socket_service@Vudp@ip@asio@boost@@@asio@boost@@@detail@asio@boost@@QEAA@XZ 0000000140002150 f i udp_func.obj
 0001:00001150       ??$destroy@PEAU?$_Tree_node@U?$pair@$$CBGG@std@@PEAX@std@@@?$_Wrap_alloc@V?$allocator@U?$_Tree_node@U?$pair@$$CBGG@std@@PEAX@std@@@std@@@std@@QEAAXPEAPEAU?$_Tree_node@U?$pair@$$CBGG@std@@PEAX@1@@Z 0000000140002150 f i FestoCommLib:festo_udp_func.obj
 0001:00001160       ??1_Sentry_base@?$basic_ostream@DU?$char_traits@D@std@@@std@@QEAA@XZ 0000000140002160 f i main.obj
 0001:00001180       ??1clone_base@exception_detail@boost@@UEAA@XZ 0000000140002180 f i main.obj
 0001:00001190       ??1runtime_error@std@@UEAA@XZ 0000000140002190 f i main.obj
 0001:000011a0       ??1sentry@?$basic_ostream@DU?$char_traits@D@std@@@std@@QEAA@XZ 00000001400021a0 f i main.obj
 0001:000011f0       ??1system_error@system@boost@@UEAA@XZ 00000001400021f0 f i main.obj
 0001:00001240       ??_D?$clone_impl@U?$error_info_injector@Vsystem_error@system@boost@@@exception_detail@boost@@@exception_detail@boost@@QEAAXXZ 0000000140002240 f i main.obj
 0001:0000129c       ??_E?$clone_impl@U?$error_info_injector@Vsystem_error@system@boost@@@exception_detail@boost@@@exception_detail@boost@@$4PPPPPPPM@IA@EAAPEAXI@Z 000000014000229c f i main.obj
 0001:000012b0       ??_E?$clone_impl@U?$error_info_injector@Vsystem_error@system@boost@@@exception_detail@boost@@@exception_detail@boost@@WEI@EAAPEAXI@Z 00000001400022b0 f i main.obj
 0001:000012bc       ??_E?$error_info_injector@Vsystem_error@system@boost@@@exception_detail@boost@@WEI@EAAPEAXI@Z 00000001400022bc f i main.obj
 0001:000012d0       ??_E?$clone_impl@U?$error_info_injector@Vsystem_error@system@boost@@@exception_detail@boost@@@exception_detail@boost@@UEAAPEAXI@Z 00000001400022d0 f i main.obj
 0001:000012d0       ??_G?$clone_impl@U?$error_info_injector@Vsystem_error@system@boost@@@exception_detail@boost@@@exception_detail@boost@@UEAAPEAXI@Z 00000001400022d0 f i main.obj
 0001:00001350       ??_G?$error_info_injector@Vsystem_error@system@boost@@@exception_detail@boost@@UEAAPEAXI@Z 0000000140002350 f i main.obj
 0001:00001350       ??_E?$error_info_injector@Vsystem_error@system@boost@@@exception_detail@boost@@UEAAPEAXI@Z 0000000140002350 f i main.obj
 0001:00001380       ??_Gerror_category@std@@UEAAPEAXI@Z 0000000140002380 f i main.obj
 0001:00001380       ??_E_System_error_category@std@@UEAAPEAXI@Z 0000000140002380 f i main.obj
 0001:00001380       ??_G_Generic_error_category@std@@UEAAPEAXI@Z 0000000140002380 f i main.obj
 0001:00001380       ??_Eerror_category@std@@UEAAPEAXI@Z 0000000140002380 f i main.obj
 0001:00001380       ??_E_Iostream_error_category@std@@UEAAPEAXI@Z 0000000140002380 f i main.obj
 0001:00001380       ??_G_Iostream_error_category@std@@UEAAPEAXI@Z 0000000140002380 f i main.obj
 0001:00001380       ??_E_Generic_error_category@std@@UEAAPEAXI@Z 0000000140002380 f i main.obj
 0001:00001380       ??_G_System_error_category@std@@UEAAPEAXI@Z 0000000140002380 f i main.obj
 0001:000013b0       ??_Eclone_base@exception_detail@boost@@UEAAPEAXI@Z 00000001400023b0 f i main.obj
 0001:000013b0       ??_Gclone_base@exception_detail@boost@@UEAAPEAXI@Z 00000001400023b0 f i main.obj
 0001:000013e0       ??_Emisc_category@detail@error@asio@boost@@UEAAPEAXI@Z 00000001400023e0 f i main.obj
 0001:000013e0       ??_Gerror_category@system@boost@@UEAAPEAXI@Z 00000001400023e0 f i main.obj
 0001:000013e0       ??_Eerror_category@system@boost@@UEAAPEAXI@Z 00000001400023e0 f i main.obj
 0001:000013e0       ??_Gmisc_category@detail@error@asio@boost@@UEAAPEAXI@Z 00000001400023e0 f i main.obj
 0001:00001410       ??_Eruntime_error@std@@UEAAPEAXI@Z 0000000140002410 f i main.obj
 0001:00001410       ??_Gruntime_error@std@@UEAAPEAXI@Z 0000000140002410 f i main.obj
 0001:00001440       ??_Gsystem_error@system@boost@@UEAAPEAXI@Z 0000000140002440 f i main.obj
 0001:00001440       ??_Esystem_error@system@boost@@UEAAPEAXI@Z 0000000140002440 f i main.obj
 0001:000014b0       ?_Copy@?$basic_string@DU?$char_traits@D@std@@V?$allocator@D@2@@std@@QEAAX_K0@Z 00000001400024b0 f i main.obj
 0001:000015c0       ?append@?$basic_string@DU?$char_traits@D@std@@V?$allocator@D@2@@std@@QEAAAEAV12@AEBV12@_K1@Z 00000001400025c0 f i main.obj
 0001:000016e0       ?append@?$basic_string@DU?$char_traits@D@std@@V?$allocator@D@2@@std@@QEAAAEAV12@PEBD_K@Z 00000001400026e0 f i main.obj
 0001:00001830       ?assign@?$basic_string@DU?$char_traits@D@std@@V?$allocator@D@2@@std@@QEAAAEAV12@AEBV12@_K1@Z 0000000140002830 f i main.obj
 0001:00001960       ?assign@?$basic_string@DU?$char_traits@D@std@@V?$allocator@D@2@@std@@QEAAAEAV12@PEBD_K@Z 0000000140002960 f i main.obj
 0001:00001a90       ?clone@?$clone_impl@U?$error_info_injector@Vsystem_error@system@boost@@@exception_detail@boost@@@exception_detail@boost@@$0PPPPPPPM@A@EBAPEBVclone_base@23@XZ 0000000140002a90 f i main.obj
 0001:00001aa0       ?clone@?$clone_impl@U?$error_info_injector@Vsystem_error@system@boost@@@exception_detail@boost@@@exception_detail@boost@@EEBAPEBVclone_base@23@XZ 0000000140002aa0 f i main.obj
 0001:00001b10       ?copy_boost_exception@exception_detail@boost@@YAXPEAVexception@2@PEBV32@@Z 0000000140002b10 f i main.obj
 0001:00001be0       ?default_error_condition@_System_error_category@std@@UEBA?AVerror_condition@2@H@Z 0000000140002be0 f i main.obj
 0001:00001c20       ?default_error_condition@error_category@std@@UEBA?AVerror_condition@2@H@Z 0000000140002c20 f i main.obj
 0001:00001c20       ?default_error_condition@error_category@system@boost@@UEBA?AVerror_condition@23@H@Z 0000000140002c20 f i main.obj
 0001:00001c30       ?do_throw_error@detail@asio@boost@@YAXAEBVerror_code@system@3@PEBD@Z 0000000140002c30 f i main.obj
 0001:00001ce0       ?equivalent@error_category@std@@UEBA_NAEBVerror_code@2@H@Z 0000000140002ce0 f i main.obj
 0001:00001ce0       ?equivalent@error_category@system@boost@@UEBA_NAEBVerror_code@23@H@Z 0000000140002ce0 f i main.obj
 0001:00001d00       ?equivalent@error_category@system@boost@@UEBA_NHAEBVerror_condition@23@@Z 0000000140002d00 f i main.obj
 0001:00001d00       ?equivalent@error_category@std@@UEBA_NHAEBVerror_condition@2@@Z 0000000140002d00 f i main.obj
 0001:00001d40       ?erase@?$basic_string@DU?$char_traits@D@std@@V?$allocator@D@2@@std@@QEAAAEAV12@_K0@Z 0000000140002d40 f i main.obj
 0001:00001e10       ?message@_Generic_error_category@std@@UEBA?AV?$basic_string@DU?$char_traits@D@std@@V?$allocator@D@2@@2@H@Z 0000000140002e10 f i main.obj
 0001:00001e80       ?message@_Iostream_error_category@std@@UEBA?AV?$basic_string@DU?$char_traits@D@std@@V?$allocator@D@2@@2@H@Z 0000000140002e80 f i main.obj
 0001:00001ed0       ?message@_System_error_category@std@@UEBA?AV?$basic_string@DU?$char_traits@D@std@@V?$allocator@D@2@@2@H@Z 0000000140002ed0 f i main.obj
 0001:00001f40       ?message@error_code@system@boost@@QEBA?AV?$basic_string@DU?$char_traits@D@std@@V?$allocator@D@2@@std@@XZ 0000000140002f40 f i main.obj
 0001:00001f70       ?message@misc_category@detail@error@asio@boost@@UEBA?AV?$basic_string@DU?$char_traits@D@std@@V?$allocator@D@2@@std@@H@Z 0000000140002f70 f i main.obj
 0001:00002040       ?name@_Generic_error_category@std@@UEBAPEBDXZ 0000000140003040 f i main.obj
 0001:00002050       ?name@_Iostream_error_category@std@@UEBAPEBDXZ 0000000140003050 f i main.obj
 0001:00002060       ?name@_System_error_category@std@@UEBAPEBDXZ 0000000140003060 f i main.obj
 0001:00002070       ?name@misc_category@detail@error@asio@boost@@UEBAPEBDXZ 0000000140003070 f i main.obj
 0001:00002080       ?post_deferred_completions@win_iocp_io_service@detail@asio@boost@@QEAAXAEAV?$op_queue@Vwin_iocp_operation@detail@asio@boost@@@234@@Z 0000000140003080 f i main.obj
 0001:00002180       ?rethrow@?$clone_impl@U?$error_info_injector@Vsystem_error@system@boost@@@exception_detail@boost@@@exception_detail@boost@@$0PPPPPPPM@A@EBAXXZ 0000000140003180 f i main.obj
 0001:00002190       ?rethrow@?$clone_impl@U?$error_info_injector@Vsystem_error@system@boost@@@exception_detail@boost@@@exception_detail@boost@@EEBAXXZ 0000000140003190 f i main.obj
 0001:000022b0       ?what@system_error@system@boost@@UEBAPEBDXZ 00000001400032b0 f i main.obj
 0001:000023a0       main                       00000001400033a0 f   main.obj
 0001:00002760       ??$?0Vwin_iocp_io_service@detail@asio@boost@@_K@service_registry@detail@asio@boost@@QEAA@AEAVio_service@23@PEAVwin_iocp_io_service@123@_K@Z 0000000140003760 f i udp_func.obj
 0001:00002830       ??$?0Vwork_io_service_runner@resolver_service_base@detail@asio@boost@@@win_thread@detail@asio@boost@@QEAA@Vwork_io_service_runner@resolver_service_base@123@I@Z 0000000140003830 f i udp_func.obj
 0001:000028a0       ??$_Resetp@V?$vector@V?$basic_resolver_entry@Vudp@ip@asio@boost@@@ip@asio@boost@@V?$allocator@V?$basic_resolver_entry@Vudp@ip@asio@boost@@@ip@asio@boost@@@std@@@std@@@?$shared_ptr@V?$vector@V?$basic_resolver_entry@Vudp@ip@asio@boost@@@ip@asio@boost@@V?$allocator@V?$basic_resolver_entry@Vudp@ip@asio@boost@@@ip@asio@boost@@@std@@@std@@@std@@AEAAXPEAV?$vector@V?$basic_resolver_entry@Vudp@ip@asio@boost@@@ip@asio@boost@@V?$allocator@V?$basic_resolver_entry@Vudp@ip@asio@boost@@@ip@asio@boost@@@std@@@1@@Z 00000001400038a0 f i udp_func.obj
 0001:00002910       ??$_Resetp@XUnoop_deleter@socket_ops@detail@asio@boost@@@?$shared_ptr@X@std@@AEAAXPEAXUnoop_deleter@socket_ops@detail@asio@boost@@@Z 0000000140003910 f i udp_func.obj
 0001:00002970       ??$_Uninit_move@PEAV?$basic_resolver_entry@Vudp@ip@asio@boost@@@ip@asio@boost@@PEAV1234@V?$allocator@V?$basic_resolver_entry@Vudp@ip@asio@boost@@@ip@asio@boost@@@std@@V1234@@std@@YAPEAV?$basic_resolver_entry@Vudp@ip@asio@boost@@@ip@asio@boost@@PEAV1234@00AEAU?$_Wrap_alloc@V?$allocator@V?$basic_resolver_entry@Vudp@ip@asio@boost@@@ip@asio@boost@@@std@@@0@0U_Nonscalar_ptr_iterator_tag@0@@Z 0000000140003970 f i udp_func.obj
 0001:000029d0       ??$create@V?$datagram_socket_service@Vudp@ip@asio@boost@@@asio@boost@@@service_registry@detail@asio@boost@@CAPEAVservice@io_service@23@AEAV523@@Z 00000001400039d0 f i udp_func.obj
 0001:00002a40       ??$create@V?$resolver_service@Vudp@ip@asio@boost@@@ip@asio@boost@@@service_registry@detail@asio@boost@@CAPEAVservice@io_service@23@AEAV523@@Z 0000000140003a40 f i udp_func.obj
 0001:00002ab0       ??$destroy@V?$basic_resolver_entry@Vudp@ip@asio@boost@@@ip@asio@boost@@@?$_Wrap_alloc@V?$allocator@V?$basic_resolver_entry@Vudp@ip@asio@boost@@@ip@asio@boost@@@std@@@std@@QEAAXPEAV?$basic_resolver_entry@Vudp@ip@asio@boost@@@ip@asio@boost@@@Z 0000000140003ab0 f i udp_func.obj
 0001:00002b10       ??$reset@XUnoop_deleter@socket_ops@detail@asio@boost@@@?$shared_ptr@X@std@@QEAAXPEAXUnoop_deleter@socket_ops@detail@asio@boost@@@Z 0000000140003b10 f i udp_func.obj
 0001:00002b80       ??0?$basic_resolver_entry@Vudp@ip@asio@boost@@@ip@asio@boost@@QEAA@AEBV0123@@Z 0000000140003b80 f i udp_func.obj
 0001:00002c20       ??0io_service@asio@boost@@QEAA@XZ 0000000140003c20 f i udp_func.obj
 0001:00002d10       ??0resolver_service_base@detail@asio@boost@@QEAA@AEAVio_service@23@@Z 0000000140003d10 f i udp_func.obj
 0001:00002dd0       ??0win_iocp_io_service@detail@asio@boost@@QEAA@AEAVio_service@23@_K@Z 0000000140003dd0 f i udp_func.obj
 0001:00002ef0       ??0win_iocp_socket_service_base@detail@asio@boost@@QEAA@AEAVio_service@23@@Z 0000000140003ef0 f i udp_func.obj
 0001:00002f60       ??1?$basic_datagram_socket@Vudp@ip@asio@boost@@V?$datagram_socket_service@Vudp@ip@asio@boost@@@34@@asio@boost@@QEAA@XZ 0000000140003f60 f i udp_func.obj
 0001:00002fc0       ??1?$basic_io_object@V?$resolver_service@Vudp@ip@asio@boost@@@ip@asio@boost@@$0A@@asio@boost@@IEAA@XZ 0000000140003fc0 f i udp_func.obj
 0001:00003060       ??1?$basic_resolver@Vudp@ip@asio@boost@@V?$resolver_service@Vudp@ip@asio@boost@@@234@@ip@asio@boost@@QEAA@XZ 0000000140004060 f i udp_func.obj
 0001:00003070       ??1?$basic_resolver_entry@Vudp@ip@asio@boost@@@ip@asio@boost@@QEAA@XZ 0000000140004070 f i udp_func.obj
 0001:000030d0       ??1?$basic_resolver_query@Vudp@ip@asio@boost@@@ip@asio@boost@@QEAA@XZ 00000001400040d0 f i udp_func.obj
 0001:00003130       ??1?$op_queue@Vwin_iocp_operation@detail@asio@boost@@@detail@asio@boost@@QEAA@XZ 0000000140004130 f i udp_func.obj
 0001:000031b0       ??1?$scoped_lock@Vwin_mutex@detail@asio@boost@@@detail@asio@boost@@QEAA@XZ 00000001400041b0 f i udp_func.obj
 0001:000031d0       ??1?$scoped_ptr@Vio_service@asio@boost@@@detail@asio@boost@@QEAA@XZ 00000001400041d0 f i udp_func.obj
 0001:00003230       ??1?$scoped_ptr@Vwin_thread@detail@asio@boost@@@detail@asio@boost@@QEAA@XZ 0000000140004230 f i udp_func.obj
 0001:00003260       ??1?$scoped_ptr@Vwork@io_service@asio@boost@@@detail@asio@boost@@QEAA@XZ 0000000140004260 f i udp_func.obj
 0001:00003290       ??1?$service_base@Vwin_iocp_io_service@detail@asio@boost@@@detail@asio@boost@@UEAA@XZ 0000000140004290 f i udp_func.obj
 0001:00003290       ??1?$service_base@V?$resolver_service@Vudp@ip@asio@boost@@@ip@asio@boost@@@detail@asio@boost@@UEAA@XZ 0000000140004290 f i udp_func.obj
 0001:00003290       ??1?$service_base@V?$datagram_socket_service@Vudp@ip@asio@boost@@@asio@boost@@@detail@asio@boost@@UEAA@XZ 0000000140004290 f i udp_func.obj
 0001:000032a0       ??1?$shared_ptr@X@std@@QEAA@XZ 00000001400042a0 f i udp_func.obj
 0001:000032a0       ??1?$basic_resolver_iterator@Vudp@ip@asio@boost@@@ip@asio@boost@@QEAA@XZ 00000001400042a0 f i udp_func.obj
 0001:000032e0       ??1?$winsock_init@$01$0A@@detail@asio@boost@@QEAA@XZ 00000001400042e0 f i udp_func.obj
 0001:00003300       ??1auto_addrinfo@resolver_service_base@detail@asio@boost@@QEAA@XZ 0000000140004300 f i udp_func.obj
 0001:00003310       ??1auto_handle@win_iocp_io_service@detail@asio@boost@@QEAA@XZ 0000000140004310 f i udp_func.obj
 0001:00003320       ??1auto_service_ptr@service_registry@detail@asio@boost@@QEAA@XZ 0000000140004320 f i udp_func.obj
 0001:00003320       ??1auto_func_base_ptr@win_thread@detail@asio@boost@@QEAA@XZ 0000000140004320 f i udp_func.obj
 0001:00003340       ??1context@?$call_stack@Vwin_iocp_io_service@detail@asio@boost@@Uwin_iocp_thread_info@234@@detail@asio@boost@@QEAA@XZ 0000000140004340 f i udp_func.obj
 0001:00003360       ??1implementation_type@?$win_iocp_socket_service@Vudp@ip@asio@boost@@@detail@asio@boost@@QEAA@XZ 0000000140004360 f i udp_func.obj
 0001:000033a0       ??1io_service@asio@boost@@QEAA@XZ 00000001400043a0 f i udp_func.obj
 0001:000033f0       ??1resolver_service_base@detail@asio@boost@@QEAA@XZ 00000001400043f0 f i udp_func.obj
 0001:000034b0       ??1service_registry@detail@asio@boost@@QEAA@XZ 00000001400044b0 f i udp_func.obj
 0001:00003530       ??1socket_holder@detail@asio@boost@@QEAA@XZ 0000000140004530 f i udp_func.obj
 0001:00003580       ??1win_iocp_io_service@detail@asio@boost@@UEAA@XZ 0000000140004580 f i udp_func.obj
 0001:00003610       ??1win_iocp_thread_info@detail@asio@boost@@QEAA@XZ 0000000140004610 f i udp_func.obj
 0001:00003620       ??1win_mutex@detail@asio@boost@@QEAA@XZ 0000000140004620 f i udp_func.obj
 0001:00003630       ??1work_finished_on_block_exit@win_iocp_io_service@detail@asio@boost@@QEAA@XZ 0000000140004630 f i udp_func.obj
 0001:00003640       ??_E?$datagram_socket_service@Vudp@ip@asio@boost@@@asio@boost@@UEAAPEAXI@Z 0000000140004640 f i udp_func.obj
 0001:00003640       ??_G?$datagram_socket_service@Vudp@ip@asio@boost@@@asio@boost@@UEAAPEAXI@Z 0000000140004640 f i udp_func.obj
 0001:00003680       ??_Gfunc_base@win_thread@detail@asio@boost@@UEAAPEAXI@Z 0000000140004680 f i udp_func.obj
 0001:00003680       ??_G?$func@Vwork_io_service_runner@resolver_service_base@detail@asio@boost@@@win_thread@detail@asio@boost@@UEAAPEAXI@Z 0000000140004680 f i udp_func.obj
 0001:00003680       ??_Efunc_base@win_thread@detail@asio@boost@@UEAAPEAXI@Z 0000000140004680 f i udp_func.obj
 0001:00003680       ??_E?$func@Vwork_io_service_runner@resolver_service_base@detail@asio@boost@@@win_thread@detail@asio@boost@@UEAAPEAXI@Z 0000000140004680 f i udp_func.obj
 0001:000036b0       ??_G?$resolver_service@Vudp@ip@asio@boost@@@ip@asio@boost@@UEAAPEAXI@Z 00000001400046b0 f i udp_func.obj
 0001:000036b0       ??_E?$resolver_service@Vudp@ip@asio@boost@@@ip@asio@boost@@UEAAPEAXI@Z 00000001400046b0 f i udp_func.obj
 0001:00003700       ??_G_Ref_count_base@std@@UEAAPEAXI@Z 0000000140004700 f i udp_func.obj
 0001:00003700       ??_E_Ref_count_base@std@@UEAAPEAXI@Z 0000000140004700 f i udp_func.obj
 0001:00003700       ??_E?$_Ref_count@V?$vector@V?$basic_resolver_entry@Vudp@ip@asio@boost@@@ip@asio@boost@@V?$allocator@V?$basic_resolver_entry@Vudp@ip@asio@boost@@@ip@asio@boost@@@std@@@std@@@std@@UEAAPEAXI@Z 0000000140004700 f i udp_func.obj
 0001:00003700       ??_G?$_Ref_count@V?$vector@V?$basic_resolver_entry@Vudp@ip@asio@boost@@@ip@asio@boost@@V?$allocator@V?$basic_resolver_entry@Vudp@ip@asio@boost@@@ip@asio@boost@@@std@@@std@@@std@@UEAAPEAXI@Z 0000000140004700 f i udp_func.obj
 0001:00003700       ??_E?$_Ref_count_del@XUnoop_deleter@socket_ops@detail@asio@boost@@@std@@UEAAPEAXI@Z 0000000140004700 f i udp_func.obj
 0001:00003700       ??_G?$_Ref_count_del@XUnoop_deleter@socket_ops@detail@asio@boost@@@std@@UEAAPEAXI@Z 0000000140004700 f i udp_func.obj
 0001:00003730       ??_Gservice@io_service@asio@boost@@MEAAPEAXI@Z 0000000140004730 f i udp_func.obj
 0001:00003730       ??_Eservice@io_service@asio@boost@@MEAAPEAXI@Z 0000000140004730 f i udp_func.obj
 0001:00003760       ??_Gwin_iocp_io_service@detail@asio@boost@@UEAAPEAXI@Z 0000000140004760 f i udp_func.obj
 0001:00003760       ??_Ewin_iocp_io_service@detail@asio@boost@@UEAAPEAXI@Z 0000000140004760 f i udp_func.obj
 0001:00003790       ?_Delete_this@?$_Ref_count_del@XUnoop_deleter@socket_ops@detail@asio@boost@@@std@@EEAAXXZ 0000000140004790 f i udp_func.obj
 0001:00003790       ?_Delete_this@?$_Ref_count@V?$vector@V?$basic_resolver_entry@Vudp@ip@asio@boost@@@ip@asio@boost@@V?$allocator@V?$basic_resolver_entry@Vudp@ip@asio@boost@@@ip@asio@boost@@@std@@@std@@@std@@EEAAXXZ 0000000140004790 f i udp_func.obj
 0001:000037b0       ?_Destroy@?$_Ref_count@V?$vector@V?$basic_resolver_entry@Vudp@ip@asio@boost@@@ip@asio@boost@@V?$allocator@V?$basic_resolver_entry@Vudp@ip@asio@boost@@@ip@asio@boost@@@std@@@std@@@std@@EEAAXXZ 00000001400047b0 f i udp_func.obj
 0001:00003800       ?_Destroy@?$vector@V?$basic_resolver_entry@Vudp@ip@asio@boost@@@ip@asio@boost@@V?$allocator@V?$basic_resolver_entry@Vudp@ip@asio@boost@@@ip@asio@boost@@@std@@@std@@IEAAXPEAV?$basic_resolver_entry@Vudp@ip@asio@boost@@@ip@asio@boost@@0@Z 0000000140004800 f i udp_func.obj
 0001:00003880       ?_Get_deleter@?$_Ref_count_del@XUnoop_deleter@socket_ops@detail@asio@boost@@@std@@UEBAPEAXAEBVtype_info@@@Z 0000000140004880 f i udp_func.obj
 0001:000038c0       ?_Grow_to@?$vector@V?$basic_resolver_entry@Vudp@ip@asio@boost@@@ip@asio@boost@@V?$allocator@V?$basic_resolver_entry@Vudp@ip@asio@boost@@@ip@asio@boost@@@std@@@std@@IEBA_K_K@Z 00000001400048c0 f i udp_func.obj
 0001:00003920       ?_Reallocate@?$vector@V?$basic_resolver_entry@Vudp@ip@asio@boost@@@ip@asio@boost@@V?$allocator@V?$basic_resolver_entry@Vudp@ip@asio@boost@@@ip@asio@boost@@@std@@@std@@IEAAX_K@Z 0000000140004920 f i udp_func.obj
 0001:00003a20       ?_Reserve@?$vector@V?$basic_resolver_entry@Vudp@ip@asio@boost@@@ip@asio@boost@@V?$allocator@V?$basic_resolver_entry@Vudp@ip@asio@boost@@@ip@asio@boost@@@std@@@std@@IEAAX_K@Z 0000000140004a20 f i udp_func.obj
 0001:00003ac0       ?_Reset0@?$_Ptr_base@X@std@@QEAAXPEAXPEAV_Ref_count_base@2@@Z 0000000140004ac0 f i udp_func.obj
 0001:00003ac0       ?_Reset0@?$_Ptr_base@V?$vector@V?$basic_resolver_entry@Vudp@ip@asio@boost@@@ip@asio@boost@@V?$allocator@V?$basic_resolver_entry@Vudp@ip@asio@boost@@@ip@asio@boost@@@std@@@std@@@std@@QEAAXPEAV?$vector@V?$basic_resolver_entry@Vudp@ip@asio@boost@@@ip@asio@boost@@V?$allocator@V?$basic_resolver_entry@Vudp@ip@asio@boost@@@ip@asio@boost@@@std@@@2@PEAV_Ref_count_base@2@@Z 0000000140004ac0 f i udp_func.obj
 0001:00003b40       ?_Splice_same@?$list@U?$pair@_KUmapped_type@?$reactor_op_queue@_K@detail@asio@boost@@@std@@V?$allocator@U?$pair@_KUmapped_type@?$reactor_op_queue@_K@detail@asio@boost@@@std@@@2@@std@@QEAAXV?$_List_const_iterator@V?$_List_val@U?$_List_simple_types@U?$pair@_KUmapped_type@?$reactor_op_queue@_K@detail@asio@boost@@@std@@@std@@@std@@@2@AEAV12@00_K@Z 0000000140004b40 f i udp_func.obj
 0001:00003bf0       ?cancel_ops_unlocked@select_reactor@detail@asio@boost@@AEAAX_KAEBVerror_code@system@4@@Z 0000000140004bf0 f i udp_func.obj
 0001:00003e30       ?close@socket_ops@detail@asio@boost@@YAH_KAEAE_NAEAVerror_code@system@4@@Z 0000000140004e30 f i udp_func.obj
 0001:00003fa0       ?close_for_destruction@win_iocp_socket_service_base@detail@asio@boost@@IEAAXAEAUbase_implementation_type@1234@@Z 0000000140004fa0 f i udp_func.obj
 0001:00004060       ?construct@resolver_service_base@detail@asio@boost@@QEAAXAEAV?$shared_ptr@X@std@@@Z 0000000140005060 f i udp_func.obj
 0001:000040e0       ?construct@win_iocp_socket_service_base@detail@asio@boost@@QEAAXAEAUbase_implementation_type@1234@@Z 00000001400050e0 f i udp_func.obj
 0001:000041a0       ?create@?$basic_resolver_iterator@Vudp@ip@asio@boost@@@ip@asio@boost@@SA?AV1234@PEAUaddrinfo@@AEBV?$basic_string@DU?$char_traits@D@std@@V?$allocator@D@2@@std@@1@Z 00000001400051a0 f i udp_func.obj
 0001:00004470       ?deregister_descriptor@select_reactor@detail@asio@boost@@QEAAX_KAEAUper_descriptor_data@1234@_N@Z 0000000140005470 f i udp_func.obj
 0001:000044f0       ?destroy@win_iocp_socket_service_base@detail@asio@boost@@QEAAXAEAUbase_implementation_type@1234@@Z 00000001400054f0 f i udp_func.obj
 0001:00004570       ?do_init@win_mutex@detail@asio@boost@@AEAAHXZ 0000000140005570 f i udp_func.obj
 0001:000045a0       ?do_one@win_iocp_io_service@detail@asio@boost@@AEAA_K_NAEAVerror_code@system@4@@Z 00000001400055a0 f i udp_func.obj
 0001:000048c0       ?do_open@win_iocp_socket_service_base@detail@asio@boost@@IEAA?AVerror_code@system@4@AEAUbase_implementation_type@1234@HHHAEAV564@@Z 00000001400058c0 f i udp_func.obj
 0001:00004a60       ?do_throw_error@detail@asio@boost@@YAXAEBVerror_code@system@3@@Z 0000000140005a60 f i udp_func.obj
 0001:00004b20       ?do_use_service@service_registry@detail@asio@boost@@AEAAPEAVservice@io_service@34@AEBUkey@5634@P6APEAV5634@AEAV634@@Z@Z 0000000140005b20 f i udp_func.obj
 0001:00004c60       ?fork_service@?$resolver_service@Vudp@ip@asio@boost@@@ip@asio@boost@@EEAAXW4fork_event@io_service@34@@Z 0000000140005c60 f i udp_func.obj
 0001:00004c70       ?fork_service@resolver_service_base@detail@asio@boost@@QEAAXW4fork_event@io_service@34@@Z 0000000140005c70 f i udp_func.obj
 0001:00004d20       ?get_gqcs_timeout@win_iocp_io_service@detail@asio@boost@@CAKXZ 0000000140005d20 f i udp_func.obj
 0001:00004db0       ?host_name@?$basic_resolver_query@Vudp@ip@asio@boost@@@ip@asio@boost@@QEBA?AV?$basic_string@DU?$char_traits@D@std@@V?$allocator@D@2@@std@@XZ 0000000140005db0 f i udp_func.obj
 0001:00004df0       ?interrupt@socket_select_interrupter@detail@asio@boost@@QEAAXXZ 0000000140005df0 f i udp_func.obj
 0001:00004e80       ?join@win_thread@detail@asio@boost@@QEAAXXZ 0000000140005e80 f i udp_func.obj
 0001:00004f10       ?poll_read@socket_ops@detail@asio@boost@@YAH_KEAEAVerror_code@system@4@@Z 0000000140005f10 f i udp_func.obj
 0001:00005070       ?push_back@?$vector@V?$basic_resolver_entry@Vudp@ip@asio@boost@@@ip@asio@boost@@V?$allocator@V?$basic_resolver_entry@Vudp@ip@asio@boost@@@ip@asio@boost@@@std@@@std@@QEAAX$$QEAV?$basic_resolver_entry@Vudp@ip@asio@boost@@@ip@asio@boost@@@Z 0000000140006070 f i udp_func.obj
 0001:00005140       ?recvfrom@socket_ops@detail@asio@boost@@YAH_KPEAU_WSABUF@@0HPEAUsockaddr@@PEA_KAEAVerror_code@system@4@@Z 0000000140006140 f i udp_func.obj
 0001:00005250       ?reset@?$scoped_ptr@Vio_service@asio@boost@@@detail@asio@boost@@QEAAXPEAVio_service@34@@Z 0000000140006250 f i udp_func.obj
 0001:000052d0       ?resolve@?$basic_resolver@Vudp@ip@asio@boost@@V?$resolver_service@Vudp@ip@asio@boost@@@234@@ip@asio@boost@@QEAA?AV?$basic_resolver_iterator@Vudp@ip@asio@boost@@@234@AEBV?$basic_resolver_query@Vudp@ip@asio@boost@@@234@@Z 00000001400062d0 f i udp_func.obj
 0001:00005360       ?resolve@?$resolver_service@Vudp@ip@asio@boost@@@detail@asio@boost@@QEAA?AV?$basic_resolver_iterator@Vudp@ip@asio@boost@@@ip@34@AEAV?$shared_ptr@X@std@@AEBV?$basic_resolver_query@Vudp@ip@asio@boost@@@634@AEAVerror_code@system@4@@Z 0000000140006360 f i udp_func.obj
 0001:00005600       ?resolve@?$resolver_service@Vudp@ip@asio@boost@@@ip@asio@boost@@QEAA?AV?$basic_resolver_iterator@Vudp@ip@asio@boost@@@234@AEAV?$shared_ptr@X@std@@AEBV?$basic_resolver_query@Vudp@ip@asio@boost@@@234@AEAVerror_code@system@4@@Z 0000000140006600 f i udp_func.obj
 0001:00005630       ?run@?$func@Vwork_io_service_runner@resolver_service_base@detail@asio@boost@@@win_thread@detail@asio@boost@@UEAAXXZ 0000000140006630 f i udp_func.obj
 0001:00005680       ?run@win_iocp_io_service@detail@asio@boost@@QEAA_KAEAVerror_code@system@4@@Z 0000000140006680 f i udp_func.obj
 0001:00005770       ?service_name@?$basic_resolver_query@Vudp@ip@asio@boost@@@ip@asio@boost@@QEBA?AV?$basic_string@DU?$char_traits@D@std@@V?$allocator@D@2@@std@@XZ 0000000140006770 f i udp_func.obj
 0001:000057b0       ?shutdown_service@?$datagram_socket_service@Vudp@ip@asio@boost@@@asio@boost@@EEAAXXZ 00000001400067b0 f i udp_func.obj
 0001:000057c0       ?shutdown_service@?$resolver_service@Vudp@ip@asio@boost@@@ip@asio@boost@@EEAAXXZ 00000001400067c0 f i udp_func.obj
 0001:000057d0       ?shutdown_service@resolver_service_base@detail@asio@boost@@QEAAXXZ 00000001400067d0 f i udp_func.obj
 0001:00005870       ?shutdown_service@win_iocp_io_service@detail@asio@boost@@UEAAXXZ 0000000140006870 f i udp_func.obj
 0001:00005a70       ?shutdown_service@win_iocp_socket_service_base@detail@asio@boost@@QEAAXXZ 0000000140006a70 f i udp_func.obj
 0001:00005bd0       ?socket@socket_ops@detail@asio@boost@@YA_KHHHAEAVerror_code@system@4@@Z 0000000140006bd0 f i udp_func.obj
 0001:00005cb0       ?start_thread@win_thread@detail@asio@boost@@AEAAXPEAVfunc_base@1234@I@Z 0000000140006cb0 f i udp_func.obj
 0001:00005e40       ?stop@win_iocp_io_service@detail@asio@boost@@QEAAXXZ 0000000140006e40 f i udp_func.obj
 0001:00005eb0       ?sync_recvfrom@socket_ops@detail@asio@boost@@YA_K_KEPEAU_WSABUF@@0HPEAUsockaddr@@PEA_KAEAVerror_code@system@4@@Z 0000000140006eb0 f i udp_func.obj
 0001:00006000       ?translate_addrinfo_error@socket_ops@detail@asio@boost@@YA?AVerror_code@system@4@H@Z 0000000140007000 f i udp_func.obj
 0001:00006100       ?win_thread_function@detail@asio@boost@@YAIPEAX@Z 0000000140007100 f i udp_func.obj
 0001:00006170       ??$?0V?$vector@EV?$allocator@E@std@@@std@@@shared_count@detail@boost@@QEAA@PEAV?$vector@EV?$allocator@E@std@@@std@@@Z 0000000140007170 f i FestoCommLib:festo_udp_func.obj
 0001:000061e0       ??$?HDU?$char_traits@D@std@@V?$allocator@D@1@@std@@YA?AV?$basic_string@DU?$char_traits@D@std@@V?$allocator@D@2@@0@PEBD$$QEAV10@@Z 00000001400071e0 f i FestoCommLib:festo_udp_func.obj
 0001:00006230       ??$_Buynode@AEBUpiecewise_construct_t@std@@V?$tuple@AEBG@2@V?$tuple@$$$V@2@@?$_Tree_buy@U?$pair@$$CBGG@std@@V?$allocator@U?$pair@$$CBGG@std@@@2@@std@@QEAAPEAU?$_Tree_node@U?$pair@$$CBGG@std@@PEAX@1@AEBUpiecewise_construct_t@1@$$QEAV?$tuple@AEBG@1@$$QEAV?$tuple@$$$V@1@@Z 0000000140007230 f i FestoCommLib:festo_udp_func.obj
 0001:00006280       ??$_Insert_at@AEAU?$pair@$$CBGG@std@@PEAU?$_Tree_node@U?$pair@$$CBGG@std@@PEAX@2@@?$_Tree@V?$_Tmap_traits@GGU?$less@G@std@@V?$allocator@U?$pair@$$CBGG@std@@@2@$0A@@std@@@std@@IEAA?AV?$_Tree_iterator@V?$_Tree_val@U?$_Tree_simple_types@U?$pair@$$CBGG@std@@@std@@@std@@@1@_NPEAU?$_Tree_node@U?$pair@$$CBGG@std@@PEAX@1@AEAU?$pair@$$CBGG@1@1@Z 0000000140007280 f i FestoCommLib:festo_udp_func.obj
 0001:00006530       ??$_Insert_hint@AEAU?$pair@$$CBGG@std@@PEAU?$_Tree_node@U?$pair@$$CBGG@std@@PEAX@2@@?$_Tree@V?$_Tmap_traits@GGU?$less@G@std@@V?$allocator@U?$pair@$$CBGG@std@@@2@$0A@@std@@@std@@IEAA?AV?$_Tree_iterator@V?$_Tree_val@U?$_Tree_simple_types@U?$pair@$$CBGG@std@@@std@@@std@@@1@V?$_Tree_const_iterator@V?$_Tree_val@U?$_Tree_simple_types@U?$pair@$$CBGG@std@@@std@@@std@@@1@AEAU?$pair@$$CBGG@1@PEAU?$_Tree_node@U?$pair@$$CBGG@std@@PEAX@1@@Z 0000000140007530 f i FestoCommLib:festo_udp_func.obj
 0001:000067a0       ??$_Insert_nohint@AEAU?$pair@$$CBGG@std@@PEAU?$_Tree_node@U?$pair@$$CBGG@std@@PEAX@2@@?$_Tree@V?$_Tmap_traits@GGU?$less@G@std@@V?$allocator@U?$pair@$$CBGG@std@@@2@$0A@@std@@@std@@IEAA?AU?$pair@V?$_Tree_iterator@V?$_Tree_val@U?$_Tree_simple_types@U?$pair@$$CBGG@std@@@std@@@std@@@std@@_N@1@_NAEAU?$pair@$$CBGG@1@PEAU?$_Tree_node@U?$pair@$$CBGG@std@@PEAX@1@@Z 00000001400077a0 f i FestoCommLib:festo_udp_func.obj
 0001:00006900       ??$checked_delete@V?$vector@EV?$allocator@E@std@@@std@@@boost@@YAXPEAV?$vector@EV?$allocator@E@std@@@std@@@Z 0000000140007900 f i FestoCommLib:festo_udp_func.obj
 0001:00006940       ??$send_to@Vmutable_buffers_1@asio@boost@@@?$basic_datagram_socket@Vudp@ip@asio@boost@@V?$datagram_socket_service@Vudp@ip@asio@boost@@@34@@asio@boost@@QEAA_KAEBVmutable_buffers_1@12@AEBV?$basic_endpoint@Vudp@ip@asio@boost@@@ip@12@@Z 0000000140007940 f i FestoCommLib:festo_udp_func.obj
 0001:000069f0       ??0?$basic_string@DU?$char_traits@D@std@@V?$allocator@D@2@@std@@QEAA@$$QEAV01@@Z 00000001400079f0 f i FestoCommLib:festo_udp_func.obj
 0001:00006a70       ??1?$shared_ptr@V?$vector@EV?$allocator@E@std@@@std@@@boost@@QEAA@XZ 0000000140007a70 f i FestoCommLib:festo_udp_func.obj
 0001:00006ac0       ??1shared_count@detail@boost@@QEAA@XZ 0000000140007ac0 f i FestoCommLib:festo_udp_func.obj
 0001:00006b10       ??_Gsp_counted_base@detail@boost@@UEAAPEAXI@Z 0000000140007b10 f i FestoCommLib:festo_udp_func.obj
 0001:00006b10       ??_G?$sp_counted_impl_p@V?$vector@EV?$allocator@E@std@@@std@@@detail@boost@@UEAAPEAXI@Z 0000000140007b10 f i FestoCommLib:festo_udp_func.obj
 0001:00006b10       ??_Esp_counted_base@detail@boost@@UEAAPEAXI@Z 0000000140007b10 f i FestoCommLib:festo_udp_func.obj
 0001:00006b10       ??_E?$sp_counted_impl_p@V?$vector@EV?$allocator@E@std@@@std@@@detail@boost@@UEAAPEAXI@Z 0000000140007b10 f i FestoCommLib:festo_udp_func.obj
 0001:00006b40       ?LuxorSendTriggerRequest@@YA?AW4eUdpStatus@@V?$basic_string@DU?$char_traits@D@std@@V?$allocator@D@2@@std@@0@Z 0000000140007b40 f   FestoCommLib:festo_udp_func.obj
 0001:00007050       ?LuxorSwitchAquisitionMode@@YA?AW4eUdpStatus@@V?$basic_string@DU?$char_traits@D@std@@V?$allocator@D@2@@std@@00@Z 0000000140008050 f   FestoCommLib:festo_udp_func.obj
 0001:00007830       ?LuxorTriggerAndReceive6DPose@@YA?AW4eUdpStatus@@AEAV?$array@M$05@std@@V?$basic_string@DU?$char_traits@D@std@@V?$allocator@D@2@@3@1@Z 0000000140008830 f   FestoCommLib:festo_udp_func.obj
 0001:00008030       ?_Buyheadnode@?$_Tree_alloc@$0A@U?$_Tree_base_types@U?$pair@$$CBGG@std@@V?$allocator@U?$pair@$$CBGG@std@@@2@@std@@@std@@QEAAPEAU?$_Tree_node@U?$pair@$$CBGG@std@@PEAX@2@XZ 0000000140009030 f i FestoCommLib:festo_udp_func.obj
 0001:00008080       ?_Buynode0@?$_Tree_buy@U?$pair@$$CBGG@std@@V?$allocator@U?$pair@$$CBGG@std@@@2@@std@@QEAAPEAU?$_Tree_node@U?$pair@$$CBGG@std@@PEAX@2@XZ 0000000140009080 f i FestoCommLib:festo_udp_func.obj
 0001:000080e0       ?_Erase@?$_Tree@V?$_Tmap_traits@GGU?$less@G@std@@V?$allocator@U?$pair@$$CBGG@std@@@2@$0A@@std@@@std@@IEAAXPEAU?$_Tree_node@U?$pair@$$CBGG@std@@PEAX@2@@Z 00000001400090e0 f i FestoCommLib:festo_udp_func.obj
 0001:00008130       ?_Grow@?$basic_string@DU?$char_traits@D@std@@V?$allocator@D@2@@std@@QEAA_N_K_N@Z 0000000140009130 f i FestoCommLib:festo_udp_func.obj
 0001:00008200       ?_Lrotate@?$_Tree@V?$_Tmap_traits@GGU?$less@G@std@@V?$allocator@U?$pair@$$CBGG@std@@@2@$0A@@std@@@std@@IEAAXPEAU?$_Tree_node@U?$pair@$$CBGG@std@@PEAX@2@@Z 0000000140009200 f i FestoCommLib:festo_udp_func.obj
 0001:00008260       ?_Reallocate@?$vector@EV?$allocator@E@std@@@std@@IEAAX_K@Z 0000000140009260 f i FestoCommLib:festo_udp_func.obj
 0001:00008310       ?_Rrotate@?$_Tree@V?$_Tmap_traits@GGU?$less@G@std@@V?$allocator@U?$pair@$$CBGG@std@@@2@$0A@@std@@@std@@IEAAXPEAU?$_Tree_node@U?$pair@$$CBGG@std@@PEAX@2@@Z 0000000140009310 f i FestoCommLib:festo_udp_func.obj
 0001:00008370       ?_Tidy@?$vector@EV?$allocator@E@std@@@std@@IEAAXXZ 0000000140009370 f i FestoCommLib:festo_udp_func.obj
 0001:000083a0       ?checksum@udp@@YAGUudp_message@@@Z 00000001400093a0 f   FestoCommLib:festo_udp_func.obj
 0001:000084e0       ?clear@?$_Tree@V?$_Tmap_traits@GGU?$less@G@std@@V?$allocator@U?$pair@$$CBGG@std@@@2@$0A@@std@@@std@@QEAAXXZ 00000001400094e0 f i FestoCommLib:festo_udp_func.obj
 0001:00008550       ?data_size@udp@@YAHUudp_message@@@Z 0000000140009550 f   FestoCommLib:festo_udp_func.obj
 0001:000086c0       ?destroy@sp_counted_base@detail@boost@@UEAAXXZ 00000001400096c0 f i FestoCommLib:festo_udp_func.obj
 0001:000086e0       ?dispose@?$sp_counted_impl_p@V?$vector@EV?$allocator@E@std@@@std@@@detail@boost@@UEAAXXZ 00000001400096e0 f i FestoCommLib:festo_udp_func.obj
 0001:00008720       ?erase@?$_Tree@V?$_Tmap_traits@GGU?$less@G@std@@V?$allocator@U?$pair@$$CBGG@std@@@2@$0A@@std@@@std@@QEAA?AV?$_Tree_iterator@V?$_Tree_val@U?$_Tree_simple_types@U?$pair@$$CBGG@std@@@std@@@std@@@2@V?$_Tree_const_iterator@V?$_Tree_val@U?$_Tree_simple_types@U?$pair@$$CBGG@std@@@std@@@std@@@2@0@Z 0000000140009720 f i FestoCommLib:festo_udp_func.obj
 0001:00008800       ?erase@?$_Tree@V?$_Tmap_traits@GGU?$less@G@std@@V?$allocator@U?$pair@$$CBGG@std@@@2@$0A@@std@@@std@@QEAA?AV?$_Tree_iterator@V?$_Tree_val@U?$_Tree_simple_types@U?$pair@$$CBGG@std@@@std@@@std@@@2@V?$_Tree_const_iterator@V?$_Tree_val@U?$_Tree_simple_types@U?$pair@$$CBGG@std@@@std@@@std@@@2@@Z 0000000140009800 f i FestoCommLib:festo_udp_func.obj
 0001:00008bd0       ?insert@?$basic_string@DU?$char_traits@D@std@@V?$allocator@D@2@@std@@QEAAAEAV12@_KAEBV12@00@Z 0000000140009bd0 f i FestoCommLib:festo_udp_func.obj
 0001:00008d50       ?insert@?$basic_string@DU?$char_traits@D@std@@V?$allocator@D@2@@std@@QEAAAEAV12@_KPEBD0@Z 0000000140009d50 f i FestoCommLib:festo_udp_func.obj
 0001:00008eb0       ?poll_write@socket_ops@detail@asio@boost@@YAH_KEAEAVerror_code@system@4@@Z 0000000140009eb0 f i FestoCommLib:festo_udp_func.obj
 0001:00009010       ?resize@?$vector@EV?$allocator@E@std@@@std@@QEAAX_KAEBE@Z 000000014000a010 f i FestoCommLib:festo_udp_func.obj
 0001:00009160       ?send_message@udp@@YAXAEAV?$basic_datagram_socket@Vudp@ip@asio@boost@@V?$datagram_socket_service@Vudp@ip@asio@boost@@@34@@asio@boost@@AEAV?$basic_endpoint@Vudp@ip@asio@boost@@@ip@34@GTudp_message_data@@@Z 000000014000a160 f   FestoCommLib:festo_udp_func.obj
 0001:00009310       ?send_message@udp@@YAXAEAV?$basic_datagram_socket@Vudp@ip@asio@boost@@V?$datagram_socket_service@Vudp@ip@asio@boost@@@34@@asio@boost@@AEAV?$basic_endpoint@Vudp@ip@asio@boost@@@ip@34@Uudp_message@@@Z 000000014000a310 f   FestoCommLib:festo_udp_func.obj
 0001:000094b0       ?sendto@socket_ops@detail@asio@boost@@YAH_KPEBU_WSABUF@@0HPEBUsockaddr@@0AEAVerror_code@system@4@@Z 000000014000a4b0 f i FestoCommLib:festo_udp_func.obj
 0001:000095c0       ?sp_enable_shared_from_this@detail@boost@@YAXZZ 000000014000a5c0 f i FestoCommLib:festo_udp_func.obj
 0001:000095e0       ?sync_sendto@socket_ops@detail@asio@boost@@YA_K_KEPEBU_WSABUF@@0HPEBUsockaddr@@0AEAVerror_code@system@4@@Z 000000014000a5e0 f i FestoCommLib:festo_udp_func.obj
 0001:00009730       ?test_checksum@udp@@YA_NUudp_message@@@Z 000000014000a730 f   FestoCommLib:festo_udp_func.obj
 0001:00009820       ?to_string@std@@YA?AV?$basic_string@DU?$char_traits@D@std@@V?$allocator@D@2@@1@H@Z 000000014000a820 f i FestoCommLib:festo_udp_func.obj
 0001:000098c0       ??$destroy@PEAD@?$_Wrap_alloc@V?$allocator@D@std@@@std@@QEAAXPEAPEAD@Z 000000014000a8c0 f i libboost_system-vc120-mt-1_63:error_code.obj
 0001:000098d0       ??0?$_Wrap_alloc@V?$allocator@D@std@@@std@@QEAA@XZ 000000014000a8d0 f i libboost_system-vc120-mt-1_63:error_code.obj
 0001:000098e0       ??1local_free_on_destruction@detail@system@boost@@QEAA@XZ 000000014000a8e0 f i libboost_system-vc120-mt-1_63:error_code.obj
 0001:000098f0       ??_Egeneric_error_category@?A0x268fe48c@system@boost@@UEAAPEAXI@Z 000000014000a8f0 f i libboost_system-vc120-mt-1_63:error_code.obj
 0001:000098f0       ??_Esystem_error_category@?A0x268fe48c@system@boost@@UEAAPEAXI@Z 000000014000a8f0 f i libboost_system-vc120-mt-1_63:error_code.obj
 0001:000098f0       ??_Gsystem_error_category@?A0x268fe48c@system@boost@@UEAAPEAXI@Z 000000014000a8f0 f i libboost_system-vc120-mt-1_63:error_code.obj
 0001:000098f0       ??_Ggeneric_error_category@?A0x268fe48c@system@boost@@UEAAPEAXI@Z 000000014000a8f0 f i libboost_system-vc120-mt-1_63:error_code.obj
 0001:00009920       ?default_error_condition@system_error_category@?A0x268fe48c@system@boost@@UEBA?AVerror_condition@34@H@Z 000000014000a920 f   libboost_system-vc120-mt-1_63:error_code.obj
 0001:00009f30       ?generic_category@system@boost@@YAAEBVerror_category@12@XZ 000000014000af30 f   libboost_system-vc120-mt-1_63:error_code.obj
 0001:00009f80       ?make_error_condition@errc@system@boost@@YA?AVerror_condition@23@W4errc_t@123@@Z 000000014000af80 f i libboost_system-vc120-mt-1_63:error_code.obj
 0001:00009ff0       ?message@generic_error_category@?A0x268fe48c@system@boost@@UEBA?AV?$basic_string@DU?$char_traits@D@std@@V?$allocator@D@2@@std@@H@Z 000000014000aff0 f   libboost_system-vc120-mt-1_63:error_code.obj
 0001:0000a180       ?message@system_error_category@?A0x268fe48c@system@boost@@UEBA?AV?$basic_string@DU?$char_traits@D@std@@V?$allocator@D@2@@std@@H@Z 000000014000b180 f   libboost_system-vc120-mt-1_63:error_code.obj
 0001:0000a3a0       ?name@generic_error_category@?A0x268fe48c@system@boost@@UEBAPEBDXZ 000000014000b3a0 f   libboost_system-vc120-mt-1_63:error_code.obj
 0001:0000a3b0       ?name@system_error_category@?A0x268fe48c@system@boost@@UEBAPEBDXZ 000000014000b3b0 f   libboost_system-vc120-mt-1_63:error_code.obj
 0001:0000a3c0       ?system_category@system@boost@@YAAEBVerror_category@12@XZ 000000014000b3c0 f   libboost_system-vc120-mt-1_63:error_code.obj
 0001:0000a408       _purecall                  000000014000b408 f   MSVCRT:MSVCR120.dll
 0001:0000a40e       ??2@YAPEAX_K@Z             000000014000b40e f   MSVCRT:MSVCR120.dll
 0001:0000a414       ??3@YAXPEAX@Z              000000014000b414 f   MSVCRT:MSVCR120.dll
 0001:0000a41c       __atonexitinit             000000014000b41c f   MSVCRT:atonexit.obj
 0001:0000a46c       _onexit                    000000014000b46c f   MSVCRT:atonexit.obj
 0001:0000a51c       atexit                     000000014000b51c f   MSVCRT:atonexit.obj
 0001:0000a534       ??0exception@std@@QEAA@AEBV01@@Z 000000014000b534 f   MSVCRT:MSVCR120.dll
 0001:0000a53a       ??1exception@std@@UEAA@XZ  000000014000b53a f   MSVCRT:MSVCR120.dll
 0001:0000a540       ?what@exception@std@@UEBAPEBDXZ 000000014000b540 f   MSVCRT:MSVCR120.dll
 0001:0000a546       _CxxThrowException         000000014000b546 f   MSVCRT:MSVCR120.dll
 0001:0000a54c       __CxxFrameHandler3         000000014000b54c f   MSVCRT:MSVCR120.dll
 0001:0000a554       __GSHandlerCheck           000000014000b554 f   MSVCRT:gshandler.obj
 0001:0000a574       __GSHandlerCheckCommon     000000014000b574 f   MSVCRT:gshandler.obj
 0001:0000a5d8       __GSHandlerCheck_EH        000000014000b5d8 f   MSVCRT:gshandlereh.obj
 0001:0000a680       __security_check_cookie    000000014000b680 f   MSVCRT:amdsecgs.obj
 0001:0000a6a0       memcpy                     000000014000b6a0 f   MSVCRT:MSVCR120.dll
 0001:0000a6a8       ??_Etype_info@@UEAAPEAXI@Z 000000014000b6a8 f i MSVCRT:ti_inst.obj
 0001:0000a712       __C_specific_handler       000000014000b712 f   MSVCRT:MSVCR120.dll
 0001:0000a730       _alloca_probe              000000014000b730 f   MSVCRT:chkstk.obj
 0001:0000a730       __chkstk                   000000014000b730 f   MSVCRT:chkstk.obj
 0001:0000a77e       memset                     000000014000b77e f   MSVCRT:MSVCR120.dll
 0001:0000aa28       mainCRTStartup             000000014000ba28 f   MSVCRT:crtexe.obj
 0001:0000aa3a       _lock                      000000014000ba3a f   MSVCRT:MSVCR120.dll
 0001:0000aa40       _unlock                    000000014000ba40 f   MSVCRT:MSVCR120.dll
 0001:0000aa46       __dllonexit                000000014000ba46 f   MSVCRT:MSVCR120.dll
 0001:0000aa4c       __raise_securityfailure    000000014000ba4c f   MSVCRT:gs_report.obj
 0001:0000aa98       __report_gsfailure         000000014000ba98 f   MSVCRT:gs_report.obj
 0001:0000ab6c       ??_M@YAXPEAX_KHP6AX0@Z@Z   000000014000bb6c f   MSVCRT:ehvecdtr.obj
 0001:0000abcc       ?__ArrayUnwind@@YAXPEAX_KHP6AX0@Z@Z 000000014000bbcc f   MSVCRT:ehvecdtr.obj
 0001:0000ac18       ?__CxxUnhandledExceptionFilter@@YAJPEAU_EXCEPTION_POINTERS@@@Z 000000014000bc18 f   MSVCRT:unhandld.obj
 0001:0000ac50       __CxxSetUnhandledExceptionFilter 000000014000bc50 f   MSVCRT:unhandld.obj
 0001:0000ac68       _XcptFilter                000000014000bc68 f   MSVCRT:MSVCR120.dll
 0001:0000ac6e       _amsg_exit                 000000014000bc6e f   MSVCRT:MSVCR120.dll
 0001:0000ac80       _setargv                   000000014000bc80 f   MSVCRT:dllargv.obj
 0001:0000ac80       ?get_deleter@?$sp_counted_impl_p@V?$vector@EV?$allocator@E@std@@@std@@@detail@boost@@UEAAPEAXAEBVtype_info@@@Z 000000014000bc80 f   FestoCommLib:festo_udp_func.obj
 0001:0000ac80       ?get_untyped_deleter@?$sp_counted_impl_p@V?$vector@EV?$allocator@E@std@@@std@@@detail@boost@@UEAAPEAXXZ 000000014000bc80 f   FestoCommLib:festo_udp_func.obj
 0001:0000ac80       _matherr                   000000014000bc80 f   MSVCRT:merr.obj
 0001:0000ac80       ?_Get_deleter@_Ref_count_base@std@@UEBAPEAXAEBVtype_info@@@Z 000000014000bc80 f   udp_func.obj
 0001:0000ac90       _FindPESection             000000014000bc90 f   MSVCRT:pesect.obj
 0001:0000ace0       _IsNonwritableInCurrentImage 000000014000bce0 f   MSVCRT:pesect.obj
 0001:0000ad30       _ValidateImageBase         000000014000bd30 f   MSVCRT:pesect.obj
 0001:0000ad60       __security_init_cookie     000000014000bd60 f   MSVCRT:gs_support.obj
 0001:0000ae0c       _RTC_Initialize            000000014000be0c f   MSVCRT:initsect.obj
 0001:0000ae44       _RTC_Terminate             000000014000be44 f   MSVCRT:initsect.obj
 0001:0000ae7c       _initterm_e                000000014000be7c f   MSVCRT:MSVCR120.dll
 0001:0000ae82       _initterm                  000000014000be82 f   MSVCRT:MSVCR120.dll
 0001:0000ae88       __crt_debugger_hook        000000014000be88 f   MSVCRT:MSVCR120.dll
 0001:0000ae8e       __crtUnhandledException    000000014000be8e f   MSVCRT:MSVCR120.dll
 0001:0000ae94       __crtTerminateProcess      000000014000be94 f   MSVCRT:MSVCR120.dll
 0001:0000ae9a       __crtCapturePreviousContext 000000014000be9a f   MSVCRT:MSVCR120.dll
 0001:0000aea0       ?terminate@@YAXXZ          000000014000bea0 f   MSVCRT:MSVCR120.dll
 0001:0000aea6       ??1type_info@@UEAA@XZ      000000014000bea6 f   MSVCRT:MSVCR120.dll
 0001:0000aea6       ?_type_info_dtor_internal_method@type_info@@QEAAXXZ 000000014000bea6 f   MSVCRT:MSVCR120.dll
 0001:0000aeac       __crtSetUnhandledExceptionFilter 000000014000beac f   MSVCRT:MSVCR120.dll
 0001:0000aeb2       IsProcessorFeaturePresent  000000014000beb2 f   kernel32:KERNEL32.dll
 0001:0000bd50       ??__Finstance@?1??get_misc_category@error@asio@boost@@YAAEBVerror_category@system@3@XZ@YAXXZ 000000014000cd50 f i main.obj
 0002:00000000       __imp_PostQueuedCompletionStatus 000000014000d000     kernel32:KERNEL32.dll
 0002:00000008       __imp_EnterCriticalSection 000000014000d008     kernel32:KERNEL32.dll
 0002:00000010       __imp_LeaveCriticalSection 000000014000d010     kernel32:KERNEL32.dll
 0002:00000018       __imp_TlsAlloc             000000014000d018     kernel32:KERNEL32.dll
 0002:00000020       __imp_TlsFree              000000014000d020     kernel32:KERNEL32.dll
 0002:00000028       __imp_VerSetConditionMask  000000014000d028     kernel32:KERNEL32.dll
 0002:00000030       __imp_CloseHandle          000000014000d030     kernel32:KERNEL32.dll
 0002:00000038       __imp_SetLastError         000000014000d038     kernel32:KERNEL32.dll
 0002:00000040       __imp_CreateIoCompletionPort 000000014000d040     kernel32:KERNEL32.dll
 0002:00000048       __imp_GetQueuedCompletionStatus 000000014000d048     kernel32:KERNEL32.dll
 0002:00000050       __imp_InitializeCriticalSectionAndSpinCount 000000014000d050     kernel32:KERNEL32.dll
 0002:00000058       __imp_DeleteCriticalSection 000000014000d058     kernel32:KERNEL32.dll
 0002:00000060       __imp_SetEvent             000000014000d060     kernel32:KERNEL32.dll
 0002:00000068       __imp_WaitForSingleObject  000000014000d068     kernel32:KERNEL32.dll
 0002:00000070       __imp_SleepEx              000000014000d070     kernel32:KERNEL32.dll
 0002:00000078       __imp_CreateEventW         000000014000d078     kernel32:KERNEL32.dll
 0002:00000080       __imp_SetWaitableTimer     000000014000d080     kernel32:KERNEL32.dll
 0002:00000088       __imp_QueueUserAPC         000000014000d088     kernel32:KERNEL32.dll
 0002:00000090       __imp_TerminateThread      000000014000d090     kernel32:KERNEL32.dll
 0002:00000098       __imp_TlsGetValue          000000014000d098     kernel32:KERNEL32.dll
 0002:000000a0       __imp_TlsSetValue          000000014000d0a0     kernel32:KERNEL32.dll
 0002:000000a8       __imp_WaitForMultipleObjects 000000014000d0a8     kernel32:KERNEL32.dll
 0002:000000b0       __imp_GetSystemTimeAsFileTime 000000014000d0b0     kernel32:KERNEL32.dll
 0002:000000b8       __imp_GetCurrentThreadId   000000014000d0b8     kernel32:KERNEL32.dll
 0002:000000c0       __imp_GetCurrentProcessId  000000014000d0c0     kernel32:KERNEL32.dll
 0002:000000c8       __imp_QueryPerformanceCounter 000000014000d0c8     kernel32:KERNEL32.dll
 0002:000000d0       __imp_IsProcessorFeaturePresent 000000014000d0d0     kernel32:KERNEL32.dll
 0002:000000d8       __imp_IsDebuggerPresent    000000014000d0d8     kernel32:KERNEL32.dll
 0002:000000e0       __imp_DecodePointer        000000014000d0e0     kernel32:KERNEL32.dll
 0002:000000e8       __imp_EncodePointer        000000014000d0e8     kernel32:KERNEL32.dll
 0002:000000f0       __imp_FormatMessageA       000000014000d0f0     kernel32:KERNEL32.dll
 0002:000000f8       __imp_LocalFree            000000014000d0f8     kernel32:KERNEL32.dll
 0002:00000100       __imp_VerifyVersionInfoW   000000014000d100     kernel32:KERNEL32.dll
 0002:00000108       __imp_GetLastError         000000014000d108     kernel32:KERNEL32.dll
 0002:00000110       \177KERNEL32_NULL_THUNK_DATA 000000014000d110     kernel32:KERNEL32.dll
 0002:00000118       __imp_??6?$basic_ostream@DU?$char_traits@D@std@@@std@@QEAAAEAV01@G@Z 000000014000d118     msvcprt:MSVCP120.dll
 0002:00000120       __imp_?cout@std@@3V?$basic_ostream@DU?$char_traits@D@std@@@1@A 000000014000d120     msvcprt:MSVCP120.dll
 0002:00000128       __imp_?cin@std@@3V?$basic_istream@DU?$char_traits@D@std@@@1@A 000000014000d128     msvcprt:MSVCP120.dll
 0002:00000130       __imp__Thrd_sleep          000000014000d130     msvcprt:MSVCP120.dll
 0002:00000138       __imp__Xtime_get_ticks     000000014000d138     msvcprt:MSVCP120.dll
 0002:00000140       __imp__Xtime_diff_to_millis2 000000014000d140     msvcprt:MSVCP120.dll
 0002:00000148       __imp_xtime_get            000000014000d148     msvcprt:MSVCP120.dll
 0002:00000150       __imp_??5?$basic_istream@DU?$char_traits@D@std@@@std@@QEAAAEAV01@AEAH@Z 000000014000d150     msvcprt:MSVCP120.dll
 0002:00000158       __imp_?flush@?$basic_ostream@DU?$char_traits@D@std@@@std@@QEAAAEAV12@XZ 000000014000d158     msvcprt:MSVCP120.dll
 0002:00000160       __imp_?put@?$basic_ostream@DU?$char_traits@D@std@@@std@@QEAAAEAV12@D@Z 000000014000d160     msvcprt:MSVCP120.dll
 0002:00000168       __imp_??6?$basic_ostream@DU?$char_traits@D@std@@@std@@QEAAAEAV01@P6AAEAV01@AEAV01@@Z@Z 000000014000d168     msvcprt:MSVCP120.dll
 0002:00000170       __imp_?_Osfx@?$basic_ostream@DU?$char_traits@D@std@@@std@@QEAAXXZ 000000014000d170     msvcprt:MSVCP120.dll
 0002:00000178       __imp_?widen@?$basic_ios@DU?$char_traits@D@std@@@std@@QEBADD@Z 000000014000d178     msvcprt:MSVCP120.dll
 0002:00000180       __imp_?setstate@?$basic_ios@DU?$char_traits@D@std@@@std@@QEAAXH_N@Z 000000014000d180     msvcprt:MSVCP120.dll
 0002:00000188       __imp_?sputn@?$basic_streambuf@DU?$char_traits@D@std@@@std@@QEAA_JPEBD_J@Z 000000014000d188     msvcprt:MSVCP120.dll
 0002:00000190       __imp_?sputc@?$basic_streambuf@DU?$char_traits@D@std@@@std@@QEAAHD@Z 000000014000d190     msvcprt:MSVCP120.dll
 0002:00000198       __imp_?_Winerror_map@std@@YAPEBDH@Z 000000014000d198     msvcprt:MSVCP120.dll
 0002:000001a0       __imp_?_Syserror_map@std@@YAPEBDH@Z 000000014000d1a0     msvcprt:MSVCP120.dll
 0002:000001a8       __imp_?_Xout_of_range@std@@YAXPEBD@Z 000000014000d1a8     msvcprt:MSVCP120.dll
 0002:000001b0       __imp_?_Xlength_error@std@@YAXPEBD@Z 000000014000d1b0     msvcprt:MSVCP120.dll
 0002:000001b8       __imp_?_Xbad_alloc@std@@YAXXZ 000000014000d1b8     msvcprt:MSVCP120.dll
 0002:000001c0       __imp_?uncaught_exception@std@@YA_NXZ 000000014000d1c0     msvcprt:MSVCP120.dll
 0002:000001c8       \177MSVCP120_NULL_THUNK_DATA 000000014000d1c8     msvcprt:MSVCP120.dll
 0002:000001d0       __imp_sprintf_s            000000014000d1d0     MSVCRT:MSVCR120.dll
 0002:000001d8       __imp_strerror             000000014000d1d8     MSVCRT:MSVCR120.dll
 0002:000001e0       __imp__lock                000000014000d1e0     MSVCRT:MSVCR120.dll
 0002:000001e8       __imp_strcpy_s             000000014000d1e8     MSVCRT:MSVCR120.dll
 0002:000001f0       __imp__calloc_crt          000000014000d1f0     MSVCRT:MSVCR120.dll
 0002:000001f8       __imp___dllonexit          000000014000d1f8     MSVCRT:MSVCR120.dll
 0002:00000200       __imp__onexit              000000014000d200     MSVCRT:MSVCR120.dll
 0002:00000208       __imp__XcptFilter          000000014000d208     MSVCRT:MSVCR120.dll
 0002:00000210       __imp__amsg_exit           000000014000d210     MSVCRT:MSVCR120.dll
 0002:00000218       __imp___getmainargs        000000014000d218     MSVCRT:MSVCR120.dll
 0002:00000220       __imp___set_app_type       000000014000d220     MSVCRT:MSVCR120.dll
 0002:00000228       __imp_exit                 000000014000d228     MSVCRT:MSVCR120.dll
 0002:00000230       __imp__exit                000000014000d230     MSVCRT:MSVCR120.dll
 0002:00000238       __imp__cexit               000000014000d238     MSVCRT:MSVCR120.dll
 0002:00000240       __imp__configthreadlocale  000000014000d240     MSVCRT:MSVCR120.dll
 0002:00000248       __imp___setusermatherr     000000014000d248     MSVCRT:MSVCR120.dll
 0002:00000250       __imp__initterm_e          000000014000d250     MSVCRT:MSVCR120.dll
 0002:00000258       __imp__initterm            000000014000d258     MSVCRT:MSVCR120.dll
 0002:00000260       __imp___initenv            000000014000d260     MSVCRT:MSVCR120.dll
 0002:00000268       __imp__fmode               000000014000d268     MSVCRT:MSVCR120.dll
 0002:00000270       __imp__commode             000000014000d270     MSVCRT:MSVCR120.dll
 0002:00000278       __imp___crt_debugger_hook  000000014000d278     MSVCRT:MSVCR120.dll
 0002:00000280       __imp___crtUnhandledException 000000014000d280     MSVCRT:MSVCR120.dll
 0002:00000288       __imp___crtTerminateProcess 000000014000d288     MSVCRT:MSVCR120.dll
 0002:00000290       __imp___crtCapturePreviousContext 000000014000d290     MSVCRT:MSVCR120.dll
 0002:00000298       __imp_?terminate@@YAXXZ    000000014000d298     MSVCRT:MSVCR120.dll
 0002:000002a0       __imp_?_type_info_dtor_internal_method@type_info@@QEAAXXZ 000000014000d2a0     MSVCRT:MSVCR120.dll
 0002:000002a8       __imp___crtSetUnhandledExceptionFilter 000000014000d2a8     MSVCRT:MSVCR120.dll
 0002:000002b0       __imp_memset               000000014000d2b0     MSVCRT:MSVCR120.dll
 0002:000002b8       __imp___C_specific_handler 000000014000d2b8     MSVCRT:MSVCR120.dll
 0002:000002c0       __imp__beginthreadex       000000014000d2c0     MSVCRT:MSVCR120.dll
 0002:000002c8       __imp_??8type_info@@QEBA_NAEBV0@@Z 000000014000d2c8     MSVCRT:MSVCR120.dll
 0002:000002d0       __imp_memcpy               000000014000d2d0     MSVCRT:MSVCR120.dll
 0002:000002d8       __imp___CxxFrameHandler3   000000014000d2d8     MSVCRT:MSVCR120.dll
 0002:000002e0       __imp__CxxThrowException   000000014000d2e0     MSVCRT:MSVCR120.dll
 0002:000002e8       __imp_?_Id@_CurrentScheduler@details@Concurrency@@SAIXZ 000000014000d2e8     MSVCRT:MSVCR120.dll
 0002:000002f0       __imp_?wait@Concurrency@@YAXI@Z 000000014000d2f0     MSVCRT:MSVCR120.dll
 0002:000002f8       __imp_?what@exception@std@@UEBAPEBDXZ 000000014000d2f8     MSVCRT:MSVCR120.dll
 0002:00000300       __imp_??1exception@std@@UEAA@XZ 000000014000d300     MSVCRT:MSVCR120.dll
 0002:00000308       __imp_??0exception@std@@QEAA@AEBV01@@Z 000000014000d308     MSVCRT:MSVCR120.dll
 0002:00000310       __imp_??0exception@std@@QEAA@AEBQEBD@Z 000000014000d310     MSVCRT:MSVCR120.dll
 0002:00000318       __imp_memmove              000000014000d318     MSVCRT:MSVCR120.dll
 0002:00000320       __imp_??3@YAXPEAX@Z        000000014000d320     MSVCRT:MSVCR120.dll
 0002:00000328       __imp_??2@YAPEAX_K@Z       000000014000d328     MSVCRT:MSVCR120.dll
 0002:00000330       __imp__purecall            000000014000d330     MSVCRT:MSVCR120.dll
 0002:00000338       __imp__unlock              000000014000d338     MSVCRT:MSVCR120.dll
 0002:00000340       \177MSVCR120_NULL_THUNK_DATA 000000014000d340     MSVCRT:MSVCR120.dll
 0002:00000348       __imp_WSASendTo            000000014000d348     ws2_32:WS2_32.dll
 0002:00000350       __imp_freeaddrinfo         000000014000d350     ws2_32:WS2_32.dll
 0002:00000358       __imp_getaddrinfo          000000014000d358     ws2_32:WS2_32.dll
 0002:00000360       __imp_WSASocketW           000000014000d360     ws2_32:WS2_32.dll
 0002:00000368       __imp_WSASend              000000014000d368     ws2_32:WS2_32.dll
 0002:00000370       __imp_WSARecvFrom          000000014000d370     ws2_32:WS2_32.dll
 0002:00000378       __imp_WSAGetLastError      000000014000d378     ws2_32:WS2_32.dll
 0002:00000380       __imp_WSASetLastError      000000014000d380     ws2_32:WS2_32.dll
 0002:00000388       __imp_setsockopt           000000014000d388     ws2_32:WS2_32.dll
 0002:00000390       __imp_select               000000014000d390     ws2_32:WS2_32.dll
 0002:00000398       __imp_ioctlsocket          000000014000d398     ws2_32:WS2_32.dll
 0002:000003a0       __imp_closesocket          000000014000d3a0     ws2_32:WS2_32.dll
 0002:000003a8       __imp_WSACleanup           000000014000d3a8     ws2_32:WS2_32.dll
 0002:000003b0       __imp_WSAStartup           000000014000d3b0     ws2_32:WS2_32.dll
 0002:000003b8       \177WS2_32_NULL_THUNK_DATA 000000014000d3b8     ws2_32:WS2_32.dll
 0002:000003c0       __xc_a                     000000014000d3c0     MSVCRT:cinitexe.obj
 0002:00000568       __xc_z                     000000014000d568     MSVCRT:cinitexe.obj
 0002:00000570       __xi_a                     000000014000d570     MSVCRT:cinitexe.obj
 0002:00000590       __xi_z                     000000014000d590     MSVCRT:cinitexe.obj
 0002:000007e8       ??_7runtime_error@std@@6B@ 000000014000d7e8     main.obj
 0002:00000800       ??_7error_category@std@@6B@ 000000014000d800     main.obj
 0002:00000830       ??_C@_02LMMGGCAJ@?3?5?$AA@ 000000014000d830     main.obj
 0002:00000840       ??_7_Generic_error_category@std@@6B@ 000000014000d840     main.obj
 0002:00000870       ??_C@_07DCLBNMLN@generic?$AA@ 000000014000d870     main.obj
 0002:00000878       ??_C@_0O@BFJCFAAK@unknown?5error?$AA@ 000000014000d878     main.obj
 0002:00000890       ??_7_Iostream_error_category@std@@6B@ 000000014000d890     main.obj
 0002:000008c0       ??_C@_08LLGCOLLL@iostream?$AA@ 000000014000d8c0     main.obj
 0002:000008d0       ??_C@_0BG@PADBLCHM@iostream?5stream?5error?$AA@ 000000014000d8d0     main.obj
 0002:000008f0       ??_7_System_error_category@std@@6B@ 000000014000d8f0     main.obj
 0002:00000920       ??_C@_06FHFOAHML@system?$AA@ 000000014000d920     main.obj
 0002:00000930       ??_7error_category@system@boost@@6B@ 000000014000d930     main.obj
 0002:00000968       ??_7exception@boost@@6B@   000000014000d968     main.obj
 0002:00000978       ??_7clone_base@exception_detail@boost@@6B@ 000000014000d978     main.obj
 0002:00000998       ??_7system_error@system@boost@@6B@ 000000014000d998     main.obj
 0002:000009b0       ??_7misc_category@detail@error@asio@boost@@6B@ 000000014000d9b0     main.obj
 0002:000009e0       ??_C@_09FLGJABBF@asio?4misc?$AA@ 000000014000d9e0     main.obj
 0002:000009f0       ??_C@_0N@IIJCFAFG@Already?5open?$AA@ 000000014000d9f0     main.obj
 0002:00000a00       ??_C@_0M@JLKPDLNL@End?5of?5file?$AA@ 000000014000da00     main.obj
 0002:00000a10       ??_C@_0BC@PBFILDFO@Element?5not?5found?$AA@ 000000014000da10     main.obj
 0002:00000a28       ??_C@_0DK@IEHIHFKF@The?5descriptor?5does?5not?5fit?5into@ 000000014000da28     main.obj
 0002:00000a68       ??_C@_0BA@MDJOCIOE@asio?4misc?5error?$AA@ 000000014000da68     main.obj
 0002:00000a78       ??_C@_03GIEDOLBE@tss?$AA@  000000014000da78     main.obj
 0002:00000a80       ??_C@_07BDHGFFM@winsock?$AA@ 000000014000da80     main.obj
 0002:00000a88       ??_C@_09PFCHIMEP@127?40?40?41?$AA@ 000000014000da88     main.obj
 0002:00000a94       ??_C@_05DNLNILHG@20123?$AA@ 000000014000da94     main.obj
 0002:00000aa0       ??_C@_0N@GCDOMLDM@Hello?5World?$CB?$AA@ 000000014000daa0     main.obj
 0002:00000ab0       ??_C@_05NKJMMJFP@Mode1?$AA@ 000000014000dab0     main.obj
 0002:00000ab8       ??_C@_0BJ@GFJPMFIH@Aquisition?5Mode?5switched?$AA@ 000000014000dab8     main.obj
 0002:00000ad8       ??_C@_0L@OONCEBHM@trigger?4?4?4?$AA@ 000000014000dad8     main.obj
 0002:00000ae8       ??_C@_0BH@NGLPNKGF@?5sent?5trigger?5request?4?$AA@ 000000014000dae8     main.obj
 0002:00000b00       ??_C@_0CM@ODHJHLCD@If?5ok?0?5press?51?4?5New?5Trigger?3?52?4?5@ 000000014000db00     main.obj
 0002:00000b2c       ??_C@_06IIMFIIKK@abort?4?$AA@ 000000014000db2c     main.obj
 0002:00000b34       ??_C@_05PBLBJKJM@Mode2?$AA@ 000000014000db34     main.obj
 0002:00000b40       ??_C@_0BA@JFNIOLAK@string?5too?5long?$AA@ 000000014000db40     main.obj
 0002:00000b50       ??_C@_0BI@CFPLBAOH@invalid?5string?5position?$AA@ 000000014000db50     main.obj
 0002:00000b70       ??_7?$error_info_injector@Vsystem_error@system@boost@@@exception_detail@boost@@6Bsystem_error@system@2@@ 000000014000db70     main.obj
 0002:00000b88       ??_7?$error_info_injector@Vsystem_error@system@boost@@@exception_detail@boost@@6Bexception@2@@ 000000014000db88     main.obj
 0002:00000b98       ??_7?$clone_impl@U?$error_info_injector@Vsystem_error@system@boost@@@exception_detail@boost@@@exception_detail@boost@@6Bsystem_error@system@2@@ 000000014000db98     main.obj
 0002:00000bb0       ??_7?$clone_impl@U?$error_info_injector@Vsystem_error@system@boost@@@exception_detail@boost@@@exception_detail@boost@@6Bexception@2@@ 000000014000dbb0     main.obj
 0002:00000bc0       ??_7?$clone_impl@U?$error_info_injector@Vsystem_error@system@boost@@@exception_detail@boost@@@exception_detail@boost@@6B@ 000000014000dbc0     main.obj
 0002:00000bd8       ??_8?$clone_impl@U?$error_info_injector@Vsystem_error@system@boost@@@exception_detail@boost@@@exception_detail@boost@@7B@ 000000014000dbd8     main.obj
 0002:00001160       ??_7_Ref_count_base@std@@6B@ 000000014000e160     udp_func.obj
 0002:00001180       ??_C@_00CNPNBAHC@?$AA@     000000014000e180     udp_func.obj
 0002:00001190       ??_7service@io_service@asio@boost@@6B@ 000000014000e190     udp_func.obj
 0002:000011a8       ??_C@_05IGMCOAJJ@mutex?$AA@ 000000014000e1a8     udp_func.obj
 0002:000011b8       ??_7func_base@win_thread@detail@asio@boost@@6B@ 000000014000e1b8     udp_func.obj
 0002:000011c8       ??_C@_0BD@EOBIIGFM@thread?4entry_event?$AA@ 000000014000e1c8     udp_func.obj
 0002:000011e0       ??_C@_0BC@CKCFMILN@thread?4exit_event?$AA@ 000000014000e1e0     udp_func.obj
 0002:000011f4       ??_C@_06FJHNOCKE@thread?$AA@ 000000014000e1f4     udp_func.obj
 0002:00001208       ??_7win_iocp_io_service@detail@asio@boost@@6B@ 000000014000e208     udp_func.obj
 0002:00001220       ??_C@_04KLBEPGAE@iocp?$AA@ 000000014000e220     udp_func.obj
 0002:00001228       ??_C@_04FNAPHAJI@pqcs?$AA@ 000000014000e228     udp_func.obj
 0002:00001238       ??_7?$resolver_service@Vudp@ip@asio@boost@@@ip@asio@boost@@6B@ 000000014000e238     udp_func.obj
 0002:00001258       ??_7?$datagram_socket_service@Vudp@ip@asio@boost@@@asio@boost@@6B@ 000000014000e258     udp_func.obj
 0002:00001270       ??_C@_0CN@MEMBCEBJ@Package?5received?5by?5luxor?5has?5wr@ 000000014000e270     udp_func.obj
 0002:000012a0       ??_C@_0DP@PIBDJHMB@Package?5received?5from?5luxor?5does@ 000000014000e2a0     udp_func.obj
 0002:000012e0       ??_C@_05HDLIEMLG@?6id?3?5?$AA@ 000000014000e2e0     udp_func.obj
 0002:000012e8       ??_C@_0BN@IHBFAJFP@?6?9?9?9?6Exception?3?6frame_type?3?5?$AA@ 000000014000e2e8     udp_func.obj
 0002:00001308       ??_C@_0DI@LBHLDCBE@Package?5received?5from?5luxor?5does@ 000000014000e308     udp_func.obj
 0002:00001340       ??_C@_07CPEIJHB@resolve?$AA@ 000000014000e340     udp_func.obj
 0002:00001348       ??_C@_04PMOCAHAA@open?$AA@ 000000014000e348     udp_func.obj
 0002:00001350       ??_C@_0BD@OLBABOEK@vector?$DMT?$DO?5too?5long?$AA@ 000000014000e350     udp_func.obj
 0002:00001368       ??_C@_0BB@MOGOBHAF@list?$DMT?$DO?5too?5long?$AA@ 000000014000e368     udp_func.obj
 0002:00001388       ??_7?$func@Vwork_io_service_runner@resolver_service_base@detail@asio@boost@@@win_thread@detail@asio@boost@@6B@ 000000014000e388     udp_func.obj
 0002:00001398       ??_C@_0N@JOBPFBCC@receive_from?$AA@ 000000014000e398     udp_func.obj
 0002:000013b0       ??_7?$_Ref_count_del@XUnoop_deleter@socket_ops@detail@asio@boost@@@std@@6B@ 000000014000e3b0     udp_func.obj
 0002:000013d8       ??_7?$_Ref_count@V?$vector@V?$basic_resolver_entry@Vudp@ip@asio@boost@@@ip@asio@boost@@V?$allocator@V?$basic_resolver_entry@Vudp@ip@asio@boost@@@ip@asio@boost@@@std@@@std@@@std@@6B@ 000000014000e3d8     udp_func.obj
 0002:00001400       __xmm@00000011000000020000000200000400 000000014000e400     udp_func.obj
 0002:00001618       ??_C@_02DPKJAMEF@?$CFd?$AA@ 000000014000e618     FestoCommLib:festo_udp_func.obj
 0002:00001628       ??_7sp_counted_base@detail@boost@@6B@ 000000014000e628     FestoCommLib:festo_udp_func.obj
 0002:00001650       ??_C@_0BF@EDHEGBJB@path?5length?5too?5long?$AA@ 000000014000e650     FestoCommLib:festo_udp_func.obj
 0002:00001668       ??_C@_0CD@CLBNMAAE@UDP?3?5data_size?3?5unknown?5frame?5ty@ 000000014000e668     FestoCommLib:festo_udp_func.obj
 0002:00001690       ??_C@_0BA@IEEGLONE@ReferenceRework?$AA@ 000000014000e690     FestoCommLib:festo_udp_func.obj
 0002:000016a0       ??_C@_0FB@JKOJLBC@Package?5received?5from?5luxor?5does@ 000000014000e6a0     FestoCommLib:festo_udp_func.obj
 0002:000016f8       ??_C@_0BM@KDPFECPJ@Unhandeled?5Exception?5caught?$AA@ 000000014000e6f8     FestoCommLib:festo_udp_func.obj
 0002:00001718       ??_C@_07BNDDMCBA@send_to?$AA@ 000000014000e718     FestoCommLib:festo_udp_func.obj
 0002:00001728       ??_7?$sp_counted_impl_p@V?$vector@EV?$allocator@E@std@@@std@@@detail@boost@@6B@ 000000014000e728     FestoCommLib:festo_udp_func.obj
 0002:00001750       ??_C@_0BE@JONHPENG@map?1set?$DMT?$DO?5too?5long?$AA@ 000000014000e750     FestoCommLib:festo_udp_func.obj
 0002:00001900       ??_7generic_error_category@?A0x268fe48c@system@boost@@6B@ 000000014000e900     libboost_system-vc120-mt-1_63:error_code.obj
 0002:00001938       ??_7system_error_category@?A0x268fe48c@system@boost@@6B@ 000000014000e938     libboost_system-vc120-mt-1_63:error_code.obj
 0002:00001968       ??_C@_0O@NIPGCINC@Unknown?5error?$AA@ 000000014000e968     libboost_system-vc120-mt-1_63:error_code.obj
 0002:00001980       ??_7type_info@@6B@         000000014000e980     MSVCRT:ti_inst.obj
 0002:000019a0       _load_config_used          000000014000e9a0     MSVCRT:loadcfg.obj
 0002:00001aa0       ??_R1A@?0A@EA@exception@std@@8 000000014000eaa0     main.obj
 0002:00001ac8       ??_R3exception@std@@8      000000014000eac8     main.obj
 0002:00001ae0       ??_R2exception@std@@8      000000014000eae0     main.obj
 0002:00001af0       ??_R4runtime_error@std@@6B@ 000000014000eaf0     main.obj
 0002:00001b18       ??_R3runtime_error@std@@8  000000014000eb18     main.obj
 0002:00001b30       ??_R2runtime_error@std@@8  000000014000eb30     main.obj
 0002:00001b48       ??_R1A@?0A@EA@runtime_error@std@@8 000000014000eb48     main.obj
 0002:00001b70       ??_R4error_category@std@@6B@ 000000014000eb70     main.obj
 0002:00001b98       ??_R3error_category@std@@8 000000014000eb98     main.obj
 0002:00001bb0       ??_R2error_category@std@@8 000000014000ebb0     main.obj
 0002:00001bc0       ??_R1A@?0A@EA@error_category@std@@8 000000014000ebc0     main.obj
 0002:00001be8       ??_R4_Generic_error_category@std@@6B@ 000000014000ebe8     main.obj
 0002:00001c10       ??_R3_Generic_error_category@std@@8 000000014000ec10     main.obj
 0002:00001c28       ??_R2_Generic_error_category@std@@8 000000014000ec28     main.obj
 0002:00001c40       ??_R1A@?0A@EA@_Generic_error_category@std@@8 000000014000ec40     main.obj
 0002:00001c68       ??_R4_Iostream_error_category@std@@6B@ 000000014000ec68     main.obj
 0002:00001c90       ??_R3_Iostream_error_category@std@@8 000000014000ec90     main.obj
 0002:00001ca8       ??_R2_Iostream_error_category@std@@8 000000014000eca8     main.obj
 0002:00001cc8       ??_R1A@?0A@EA@_Iostream_error_category@std@@8 000000014000ecc8     main.obj
 0002:00001cf0       ??_R4_System_error_category@std@@6B@ 000000014000ecf0     main.obj
 0002:00001d18       ??_R3_System_error_category@std@@8 000000014000ed18     main.obj
 0002:00001d30       ??_R2_System_error_category@std@@8 000000014000ed30     main.obj
 0002:00001d50       ??_R1A@?0A@EA@_System_error_category@std@@8 000000014000ed50     main.obj
 0002:00001d78       ??_R4error_category@system@boost@@6B@ 000000014000ed78     main.obj
 0002:00001da0       ??_R3error_category@system@boost@@8 000000014000eda0     main.obj
 0002:00001db8       ??_R2error_category@system@boost@@8 000000014000edb8     main.obj
 0002:00001dd0       ??_R1A@?0A@EA@error_category@system@boost@@8 000000014000edd0     main.obj
 0002:00001df8       ??_R17?0A@EA@noncopyable@noncopyable_@boost@@8 000000014000edf8     main.obj
 0002:00001e20       ??_R3noncopyable@noncopyable_@boost@@8 000000014000ee20     main.obj
 0002:00001e38       ??_R2noncopyable@noncopyable_@boost@@8 000000014000ee38     main.obj
 0002:00001e48       ??_R1A@?0A@EA@noncopyable@noncopyable_@boost@@8 000000014000ee48     main.obj
 0002:00001e70       ??_R4exception@boost@@6B@  000000014000ee70     main.obj
 0002:00001e98       ??_R3exception@boost@@8    000000014000ee98     main.obj
 0002:00001eb0       ??_R2exception@boost@@8    000000014000eeb0     main.obj
 0002:00001ec0       ??_R1A@?0A@EA@exception@boost@@8 000000014000eec0     main.obj
 0002:00001ee8       ??_R4clone_base@exception_detail@boost@@6B@ 000000014000eee8     main.obj
 0002:00001f10       ??_R3clone_base@exception_detail@boost@@8 000000014000ef10     main.obj
 0002:00001f28       ??_R2clone_base@exception_detail@boost@@8 000000014000ef28     main.obj
 0002:00001f38       ??_R1A@?0A@EA@clone_base@exception_detail@boost@@8 000000014000ef38     main.obj
 0002:00001f60       ??_R4system_error@system@boost@@6B@ 000000014000ef60     main.obj
 0002:00001f88       ??_R3system_error@system@boost@@8 000000014000ef88     main.obj
 0002:00001fa0       ??_R2system_error@system@boost@@8 000000014000efa0     main.obj
 0002:00001fc0       ??_R1A@?0A@EA@system_error@system@boost@@8 000000014000efc0     main.obj
 0002:00001fe8       ??_R4misc_category@detail@error@asio@boost@@6B@ 000000014000efe8     main.obj
 0002:00002010       ??_R3misc_category@detail@error@asio@boost@@8 000000014000f010     main.obj
 0002:00002028       ??_R2misc_category@detail@error@asio@boost@@8 000000014000f028     main.obj
 0002:00002048       ??_R1A@?0A@EA@misc_category@detail@error@asio@boost@@8 000000014000f048     main.obj
 0002:00002070       ??_R4?$error_info_injector@Vsystem_error@system@boost@@@exception_detail@boost@@6Bsystem_error@system@2@@ 000000014000f070     main.obj
 0002:00002098       ??_R3?$error_info_injector@Vsystem_error@system@boost@@@exception_detail@boost@@8 000000014000f098     main.obj
 0002:000020b0       ??_R2?$error_info_injector@Vsystem_error@system@boost@@@exception_detail@boost@@8 000000014000f0b0     main.obj
 0002:000020e0       ??_R1A@?0A@EA@?$error_info_injector@Vsystem_error@system@boost@@@exception_detail@boost@@8 000000014000f0e0     main.obj
 0002:00002108       ??_R1EI@?0A@EA@exception@boost@@8 000000014000f108     main.obj
 0002:00002130       ??_R4?$error_info_injector@Vsystem_error@system@boost@@@exception_detail@boost@@6Bexception@2@@ 000000014000f130     main.obj
 0002:00002158       ??_R4?$clone_impl@U?$error_info_injector@Vsystem_error@system@boost@@@exception_detail@boost@@@exception_detail@boost@@6Bsystem_error@system@2@@ 000000014000f158     main.obj
 0002:00002180       ??_R3?$clone_impl@U?$error_info_injector@Vsystem_error@system@boost@@@exception_detail@boost@@@exception_detail@boost@@8 000000014000f180     main.obj
 0002:00002198       ??_R2?$clone_impl@U?$error_info_injector@Vsystem_error@system@boost@@@exception_detail@boost@@@exception_detail@boost@@8 000000014000f198     main.obj
 0002:000021d8       ??_R1A@?0A@EA@?$clone_impl@U?$error_info_injector@Vsystem_error@system@boost@@@exception_detail@boost@@@exception_detail@boost@@8 000000014000f1d8     main.obj
 0002:00002200       ??_R1A@HA@3FA@clone_base@exception_detail@boost@@8 000000014000f200     main.obj
 0002:00002228       ??_R4?$clone_impl@U?$error_info_injector@Vsystem_error@system@boost@@@exception_detail@boost@@@exception_detail@boost@@6Bexception@2@@ 000000014000f228     main.obj
 0002:00002250       ??_R4?$clone_impl@U?$error_info_injector@Vsystem_error@system@boost@@@exception_detail@boost@@@exception_detail@boost@@6B@ 000000014000f250     main.obj
 0002:00002278       ??_R4_Ref_count_base@std@@6B@ 000000014000f278     udp_func.obj
 0002:000022a0       ??_R3_Ref_count_base@std@@8 000000014000f2a0     udp_func.obj
 0002:000022b8       ??_R2_Ref_count_base@std@@8 000000014000f2b8     udp_func.obj
 0002:000022c8       ??_R1A@?0A@EA@_Ref_count_base@std@@8 000000014000f2c8     udp_func.obj
 0002:000022f0       ??_R4win_iocp_io_service@detail@asio@boost@@6B@ 000000014000f2f0     udp_func.obj
 0002:00002318       ??_R3win_iocp_io_service@detail@asio@boost@@8 000000014000f318     udp_func.obj
 0002:00002330       ??_R2win_iocp_io_service@detail@asio@boost@@8 000000014000f330     udp_func.obj
 0002:00002358       ??_R1A@?0A@EA@win_iocp_io_service@detail@asio@boost@@8 000000014000f358     udp_func.obj
 0002:00002380       ??_R1A@?0A@EA@?$service_base@Vwin_iocp_io_service@detail@asio@boost@@@detail@asio@boost@@8 000000014000f380     udp_func.obj
 0002:000023a8       ??_R3?$service_base@Vwin_iocp_io_service@detail@asio@boost@@@detail@asio@boost@@8 000000014000f3a8     udp_func.obj
 0002:000023c0       ??_R2?$service_base@Vwin_iocp_io_service@detail@asio@boost@@@detail@asio@boost@@8 000000014000f3c0     udp_func.obj
 0002:000023e0       ??_R1A@?0A@EA@service@io_service@asio@boost@@8 000000014000f3e0     udp_func.obj
 0002:00002408       ??_R3service@io_service@asio@boost@@8 000000014000f408     udp_func.obj
 0002:00002420       ??_R2service@io_service@asio@boost@@8 000000014000f420     udp_func.obj
 0002:00002438       ??_R17?0A@EN@noncopyable@detail@asio@boost@@8 000000014000f438     udp_func.obj
 0002:00002460       ??_R3noncopyable@detail@asio@boost@@8 000000014000f460     udp_func.obj
 0002:00002478       ??_R2noncopyable@detail@asio@boost@@8 000000014000f478     udp_func.obj
 0002:00002488       ??_R1A@?0A@EA@noncopyable@detail@asio@boost@@8 000000014000f488     udp_func.obj
 0002:000024b0       ??_R4service@io_service@asio@boost@@6B@ 000000014000f4b0     udp_func.obj
 0002:000024d8       ??_R4func_base@win_thread@detail@asio@boost@@6B@ 000000014000f4d8     udp_func.obj
 0002:00002500       ??_R3func_base@win_thread@detail@asio@boost@@8 000000014000f500     udp_func.obj
 0002:00002518       ??_R2func_base@win_thread@detail@asio@boost@@8 000000014000f518     udp_func.obj
 0002:00002528       ??_R1A@?0A@EA@func_base@win_thread@detail@asio@boost@@8 000000014000f528     udp_func.obj
 0002:00002550       ??_R4?$datagram_socket_service@Vudp@ip@asio@boost@@@asio@boost@@6B@ 000000014000f550     udp_func.obj
 0002:00002578       ??_R3?$datagram_socket_service@Vudp@ip@asio@boost@@@asio@boost@@8 000000014000f578     udp_func.obj
[...]
 0004:00000aa4       $pdata$2$?erase@?$_Tree@V?$_Tmap_traits@GGU?$less@G@std@@V?$allocator@U?$pair@$$CBGG@std@@@2@$0A@@std@@@std@@QEAA?AV?$_Tree_iterator@V?$_Tree_val@U?$_Tree_simple_types@U?$pair@$$CBGG@std@@@std@@@std@@@2@V?$_Tree_const_iterator@V?$_Tree_val@U?$_Tree_simple_types@U?$pair@$$CBGG@std@@@std@@@std@@@2@@Z 0000000140016aa4     FestoCommLib:festo_udp_func.obj
 0004:00000ab0       $pdata$3$?erase@?$_Tree@V?$_Tmap_traits@GGU?$less@G@std@@V?$allocator@U?$pair@$$CBGG@std@@@2@$0A@@std@@@std@@QEAA?AV?$_Tree_iterator@V?$_Tree_val@U?$_Tree_simple_types@U?$pair@$$CBGG@std@@@std@@@std@@@2@V?$_Tree_const_iterator@V?$_Tree_val@U?$_Tree_simple_types@U?$pair@$$CBGG@std@@@std@@@std@@@2@@Z 0000000140016ab0     FestoCommLib:festo_udp_func.obj
 0004:00000abc       $pdata$?insert@?$basic_string@DU?$char_traits@D@std@@V?$allocator@D@2@@std@@QEAAAEAV12@_KAEBV12@00@Z 0000000140016abc     FestoCommLib:festo_udp_func.obj
 0004:00000ac8       $pdata$0$?insert@?$basic_string@DU?$char_traits@D@std@@V?$allocator@D@2@@std@@QEAAAEAV12@_KAEBV12@00@Z 0000000140016ac8     FestoCommLib:festo_udp_func.obj
 0004:00000ad4       $pdata$1$?insert@?$basic_string@DU?$char_traits@D@std@@V?$allocator@D@2@@std@@QEAAAEAV12@_KAEBV12@00@Z 0000000140016ad4     FestoCommLib:festo_udp_func.obj
 0004:00000ae0       $pdata$2$?insert@?$basic_string@DU?$char_traits@D@std@@V?$allocator@D@2@@std@@QEAAAEAV12@_KAEBV12@00@Z 0000000140016ae0     FestoCommLib:festo_udp_func.obj
 0004:00000aec       $pdata$3$?insert@?$basic_string@DU?$char_traits@D@std@@V?$allocator@D@2@@std@@QEAAAEAV12@_KAEBV12@00@Z 0000000140016aec     FestoCommLib:festo_udp_func.obj
 0004:00000af8       $pdata$?insert@?$basic_string@DU?$char_traits@D@std@@V?$allocator@D@2@@std@@QEAAAEAV12@_KPEBD0@Z 0000000140016af8     FestoCommLib:festo_udp_func.obj
 0004:00000b04       $pdata$0$?insert@?$basic_string@DU?$char_traits@D@std@@V?$allocator@D@2@@std@@QEAAAEAV12@_KPEBD0@Z 0000000140016b04     FestoCommLib:festo_udp_func.obj
 0004:00000b10       $pdata$1$?insert@?$basic_string@DU?$char_traits@D@std@@V?$allocator@D@2@@std@@QEAAAEAV12@_KPEBD0@Z 0000000140016b10     FestoCommLib:festo_udp_func.obj
 0004:00000b1c       $pdata$?poll_write@socket_ops@detail@asio@boost@@YAH_KEAEAVerror_code@system@4@@Z 0000000140016b1c     FestoCommLib:festo_udp_func.obj
 0004:00000b28       $pdata$1$?poll_write@socket_ops@detail@asio@boost@@YAH_KEAEAVerror_code@system@4@@Z 0000000140016b28     FestoCommLib:festo_udp_func.obj
 0004:00000b34       $pdata$2$?poll_write@socket_ops@detail@asio@boost@@YAH_KEAEAVerror_code@system@4@@Z 0000000140016b34     FestoCommLib:festo_udp_func.obj
 0004:00000b40       $pdata$?resize@?$vector@EV?$allocator@E@std@@@std@@QEAAX_KAEBE@Z 0000000140016b40     FestoCommLib:festo_udp_func.obj
 0004:00000b4c       $pdata$?send_message@udp@@YAXAEAV?$basic_datagram_socket@Vudp@ip@asio@boost@@V?$datagram_socket_service@Vudp@ip@asio@boost@@@34@@asio@boost@@AEAV?$basic_endpoint@Vudp@ip@asio@boost@@@ip@34@GTudp_message_data@@@Z 0000000140016b4c     FestoCommLib:festo_udp_func.obj
 0004:00000b58       $pdata$?send_message@udp@@YAXAEAV?$basic_datagram_socket@Vudp@ip@asio@boost@@V?$datagram_socket_service@Vudp@ip@asio@boost@@@34@@asio@boost@@AEAV?$basic_endpoint@Vudp@ip@asio@boost@@@ip@34@Uudp_message@@@Z 0000000140016b58     FestoCommLib:festo_udp_func.obj
 0004:00000b64       $pdata$?sendto@socket_ops@detail@asio@boost@@YAH_KPEBU_WSABUF@@0HPEBUsockaddr@@0AEAVerror_code@system@4@@Z 0000000140016b64     FestoCommLib:festo_udp_func.obj
 0004:00000b70       $pdata$?sync_sendto@socket_ops@detail@asio@boost@@YA_K_KEPEBU_WSABUF@@0HPEBUsockaddr@@0AEAVerror_code@system@4@@Z 0000000140016b70     FestoCommLib:festo_udp_func.obj
 0004:00000b7c       $pdata$3$?sync_sendto@socket_ops@detail@asio@boost@@YA_K_KEPEBU_WSABUF@@0HPEBUsockaddr@@0AEAVerror_code@system@4@@Z 0000000140016b7c     FestoCommLib:festo_udp_func.obj
 0004:00000b88       $pdata$5$?sync_sendto@socket_ops@detail@asio@boost@@YA_K_KEPEBU_WSABUF@@0HPEBUsockaddr@@0AEAVerror_code@system@4@@Z 0000000140016b88     FestoCommLib:festo_udp_func.obj
 0004:00000b94       $pdata$?test_checksum@udp@@YA_NUudp_message@@@Z 0000000140016b94     FestoCommLib:festo_udp_func.obj
 0004:00000ba0       $pdata$?to_string@std@@YA?AV?$basic_string@DU?$char_traits@D@std@@V?$allocator@D@2@@1@H@Z 0000000140016ba0     FestoCommLib:festo_udp_func.obj
 0004:00000bac       $pdata$??_Ggeneric_error_category@?A0x268fe48c@system@boost@@UEAAPEAXI@Z 0000000140016bac     libboost_system-vc120-mt-1_63:error_code.obj
 0004:00000bac       $pdata$??_Gsystem_error_category@?A0x268fe48c@system@boost@@UEAAPEAXI@Z 0000000140016bac     libboost_system-vc120-mt-1_63:error_code.obj
 0004:00000bb8       $pdata$?default_error_condition@system_error_category@?A0x268fe48c@system@boost@@UEBA?AVerror_condition@34@H@Z 0000000140016bb8     libboost_system-vc120-mt-1_63:error_code.obj
 0004:00000bc4       $pdata$?generic_category@system@boost@@YAAEBVerror_category@12@XZ 0000000140016bc4     libboost_system-vc120-mt-1_63:error_code.obj
 0004:00000bd0       $pdata$?make_error_condition@errc@system@boost@@YA?AVerror_condition@23@W4errc_t@123@@Z 0000000140016bd0     libboost_system-vc120-mt-1_63:error_code.obj
 0004:00000bdc       $pdata$?message@generic_error_category@?A0x268fe48c@system@boost@@UEBA?AV?$basic_string@DU?$char_traits@D@std@@V?$allocator@D@2@@std@@H@Z 0000000140016bdc     libboost_system-vc120-mt-1_63:error_code.obj
 0004:00000be8       $pdata$?message@system_error_category@?A0x268fe48c@system@boost@@UEBA?AV?$basic_string@DU?$char_traits@D@std@@V?$allocator@D@2@@std@@H@Z 0000000140016be8     libboost_system-vc120-mt-1_63:error_code.obj
 0004:00000bf4       $pdata$?system_category@system@boost@@YAAEBVerror_category@12@XZ 0000000140016bf4     libboost_system-vc120-mt-1_63:error_code.obj
 0004:00000c00       $pdata$__atonexitinit      0000000140016c00     MSVCRT:atonexit.obj
 0004:00000c0c       $pdata$_onexit             0000000140016c0c     MSVCRT:atonexit.obj
 0004:00000c18       $pdata$atexit              0000000140016c18     MSVCRT:atonexit.obj
 0004:00000c24       $pdata$__GSHandlerCheck    0000000140016c24     MSVCRT:gshandler.obj
 0004:00000c30       $pdata$__GSHandlerCheckCommon 0000000140016c30     MSVCRT:gshandler.obj
 0004:00000c3c       $pdata$__GSHandlerCheck_EH 0000000140016c3c     MSVCRT:gshandlereh.obj
 0004:00000c54       $pdata$??_Etype_info@@UEAAPEAXI@Z 0000000140016c54     MSVCRT:ti_inst.obj
 0004:00000c6c       $pdata$pre_c_init          0000000140016c6c     MSVCRT:crtexe.obj
 0004:00000c78       $pdata$pre_cpp_init        0000000140016c78     MSVCRT:crtexe.obj
 0004:00000c84       $pdata$__tmainCRTStartup   0000000140016c84     MSVCRT:crtexe.obj
 0004:00000c90       $pdata$mainCRTStartup      0000000140016c90     MSVCRT:crtexe.obj
 0004:00000c9c       $pdata$__raise_securityfailure 0000000140016c9c     MSVCRT:gs_report.obj
 0004:00000ca8       $pdata$__report_gsfailure  0000000140016ca8     MSVCRT:gs_report.obj
 0004:00000cb4       $pdata$??_M@YAXPEAX_KHP6AX0@Z@Z 0000000140016cb4     MSVCRT:ehvecdtr.obj
 0004:00000cc0       $pdata$?__ArrayUnwind@@YAXPEAX_KHP6AX0@Z@Z 0000000140016cc0     MSVCRT:ehvecdtr.obj
 0004:00000ccc       $pdata$?__CxxUnhandledExceptionFilter@@YAJPEAU_EXCEPTION_POINTERS@@@Z 0000000140016ccc     MSVCRT:unhandld.obj
 0004:00000cd8       $pdata$__CxxSetUnhandledExceptionFilter 0000000140016cd8     MSVCRT:unhandld.obj
 0004:00000ce4       $pdata$_IsNonwritableInCurrentImage 0000000140016ce4     MSVCRT:pesect.obj
 0004:00000cf0       $pdata$__security_init_cookie 0000000140016cf0     MSVCRT:gs_support.obj
 0004:00000cfc       $pdata$_RTC_Initialize     0000000140016cfc     MSVCRT:initsect.obj
 0004:00000d08       $pdata$_RTC_Terminate      0000000140016d08     MSVCRT:initsect.obj
 0004:00000d14       $pdata$?catch$0@?0???$?6U?$char_traits@D@std@@@std@@YAAEAV?$basic_ostream@DU?$char_traits@D@std@@@0@AEAV10@PEBD@Z@4HA 0000000140016d14     main.obj
 0004:00000d20       $pdata$?dtor$0@?0???0?$clone_impl@U?$error_info_injector@Vsystem_error@system@boost@@@exception_detail@boost@@@exception_detail@boost@@AEAA@AEBV012@Uclone_tag@012@@Z@4HA 0000000140016d20     main.obj
 0004:00000d2c       $pdata$?dtor$0@?0???0?$clone_impl@U?$error_info_injector@Vsystem_error@system@boost@@@exception_detail@boost@@@exception_detail@boost@@QEAA@AEBU?$error_info_injector@Vsystem_error@system@boost@@@12@@Z@4HA 0000000140016d2c     main.obj
 0004:00000d38       $pdata$?dtor$0@?0???0?$clone_impl@U?$error_info_injector@Vsystem_error@system@boost@@@exception_detail@boost@@@exception_detail@boost@@QEAA@AEBV012@@Z@4HA 0000000140016d38     main.obj
 0004:00000d44       $pdata$?catch$1@?0??_Copy@?$basic_string@DU?$char_traits@D@std@@V?$allocator@D@2@@std@@QEAAX_K0@Z@4HA 0000000140016d44     main.obj
 0004:00000d50       $pdata$?catch$0@?0??_Copy@?$basic_string@DU?$char_traits@D@std@@V?$allocator@D@2@@std@@QEAAX_K0@Z@4HA 0000000140016d50     main.obj
 0004:00000d5c       $pdata$?dtor$0@?0??rethrow@?$clone_impl@U?$error_info_injector@Vsystem_error@system@boost@@@exception_detail@boost@@@exception_detail@boost@@EEBAXXZ@4HA 0000000140016d5c     main.obj
 0004:00000d68       $pdata$?catch$0@?0??what@system_error@system@boost@@UEBAPEBDXZ@4HA 0000000140016d68     main.obj
 0004:00000d74       $pdata$?catch$0@?0???$_Resetp@V?$vector@V?$basic_resolver_entry@Vudp@ip@asio@boost@@@ip@asio@boost@@V?$allocator@V?$basic_resolver_entry@Vudp@ip@asio@boost@@@ip@asio@boost@@@std@@@std@@@?$shared_ptr@V?$vector@V?$basic_resolver_entry@Vudp@ip@asio@boost@@@ip@asio@boost@@V?$allocator@V?$basic_resolver_entry@Vudp@ip@asio@boost@@@ip@asio@boost@@@std@@@std@@@std@@AEAAXPEAV?$vector@V?$basic_resolver_entry@Vudp@ip@asio@boost@@@ip@asio@boost@@V?$allocator@V?$basic_resolver_entry@Vudp@ip@asio@boost@@@ip@asio@boost@@@std@@@1@@Z@4HA 0000000140016d74     udp_func.obj
 0004:00000d80       $pdata$?catch$0@?0???$_Resetp@XUnoop_deleter@socket_ops@detail@asio@boost@@@?$shared_ptr@X@std@@AEAAXPEAXUnoop_deleter@socket_ops@detail@asio@boost@@@Z@4HA 0000000140016d80     udp_func.obj
 0004:00000d8c       $pdata$?dtor$0@?0???$_Uninit_move@PEAV?$basic_resolver_entry@Vudp@ip@asio@boost@@@ip@asio@boost@@PEAV1234@V?$allocator@V?$basic_resolver_entry@Vudp@ip@asio@boost@@@ip@asio@boost@@@std@@V1234@@std@@YAPEAV?$basic_resolver_entry@Vudp@ip@asio@boost@@@ip@asio@boost@@PEAV1234@00AEAU?$_Wrap_alloc@V?$allocator@V?$basic_resolver_entry@Vudp@ip@asio@boost@@@ip@asio@boost@@@std@@@0@0U_Nonscalar_ptr_iterator_tag@0@@Z@4HA 0000000140016d8c     udp_func.obj
 0004:00000d98       $pdata$?catch$0@?0???$_Uninit_move@PEAV?$basic_resolver_entry@Vudp@ip@asio@boost@@@ip@asio@boost@@PEAV1234@V?$allocator@V?$basic_resolver_entry@Vudp@ip@asio@boost@@@ip@asio@boost@@@std@@V1234@@std@@YAPEAV?$basic_resolver_entry@Vudp@ip@asio@boost@@@ip@asio@boost@@PEAV1234@00AEAU?$_Wrap_alloc@V?$allocator@V?$basic_resolver_entry@Vudp@ip@asio@boost@@@ip@asio@boost@@@std@@@0@0U_Nonscalar_ptr_iterator_tag@0@@Z@4HA 0000000140016d98     udp_func.obj
 0004:00000da4       $pdata$?catch$0@?0??_Reallocate@?$vector@V?$basic_resolver_entry@Vudp@ip@asio@boost@@@ip@asio@boost@@V?$allocator@V?$basic_resolver_entry@Vudp@ip@asio@boost@@@ip@asio@boost@@@std@@@std@@IEAAX_K@Z@4HA 0000000140016da4     udp_func.obj
 0004:00000db0       $pdata$?filt$0@?0??do_init@win_mutex@detail@asio@boost@@AEAAHXZ@4HA 0000000140016db0     udp_func.obj
 0004:00000dbc       $pdata$?dtor$0@?0??push_back@?$vector@V?$basic_resolver_entry@Vudp@ip@asio@boost@@@ip@asio@boost@@V?$allocator@V?$basic_resolver_entry@Vudp@ip@asio@boost@@@ip@asio@boost@@@std@@@std@@QEAAX$$QEAV?$basic_resolver_entry@Vudp@ip@asio@boost@@@ip@asio@boost@@@Z@4HA 0000000140016dbc     udp_func.obj
 0004:00000dc8       $pdata$?dtor$1@?0??push_back@?$vector@V?$basic_resolver_entry@Vudp@ip@asio@boost@@@ip@asio@boost@@V?$allocator@V?$basic_resolver_entry@Vudp@ip@asio@boost@@@ip@asio@boost@@@std@@@std@@QEAAX$$QEAV?$basic_resolver_entry@Vudp@ip@asio@boost@@@ip@asio@boost@@@Z@4HA 0000000140016dc8     udp_func.obj
 0004:00000dd4       $pdata$?dtor$0@?0??resolve@?$basic_resolver@Vudp@ip@asio@boost@@V?$resolver_service@Vudp@ip@asio@boost@@@234@@ip@asio@boost@@QEAA?AV?$basic_resolver_iterator@Vudp@ip@asio@boost@@@234@AEBV?$basic_resolver_query@Vudp@ip@asio@boost@@@234@@Z@4HA 0000000140016dd4     udp_func.obj
 0004:00000de0       $pdata$?dtor$3@?0??resolve@?$resolver_service@Vudp@ip@asio@boost@@@detail@asio@boost@@QEAA?AV?$basic_resolver_iterator@Vudp@ip@asio@boost@@@ip@34@AEAV?$shared_ptr@X@std@@AEBV?$basic_resolver_query@Vudp@ip@asio@boost@@@634@AEAVerror_code@system@4@@Z@4HA 0000000140016de0     udp_func.obj
 0004:00000dec       $pdata$?dtor$4@?0??resolve@?$resolver_service@Vudp@ip@asio@boost@@@detail@asio@boost@@QEAA?AV?$basic_resolver_iterator@Vudp@ip@asio@boost@@@ip@34@AEAV?$shared_ptr@X@std@@AEBV?$basic_resolver_query@Vudp@ip@asio@boost@@@634@AEAVerror_code@system@4@@Z@4HA 0000000140016dec     udp_func.obj
 0004:00000df8       $pdata$?dtor$5@?0??resolve@?$resolver_service@Vudp@ip@asio@boost@@@detail@asio@boost@@QEAA?AV?$basic_resolver_iterator@Vudp@ip@asio@boost@@@ip@34@AEAV?$shared_ptr@X@std@@AEBV?$basic_resolver_query@Vudp@ip@asio@boost@@@634@AEAVerror_code@system@4@@Z@4HA 0000000140016df8     udp_func.obj
 0004:00000e04       $pdata$?catch$0@?0???$?0V?$vector@EV?$allocator@E@std@@@std@@@shared_count@detail@boost@@QEAA@PEAV?$vector@EV?$allocator@E@std@@@std@@@Z@4HA 0000000140016e04     FestoCommLib:festo_udp_func.obj
 0004:00000e10       $pdata$?catch$0@?0???$_Buynode@AEBUpiecewise_construct_t@std@@V?$tuple@AEBG@2@V?$tuple@$$$V@2@@?$_Tree_buy@U?$pair@$$CBGG@std@@V?$allocator@U?$pair@$$CBGG@std@@@2@@std@@QEAAPEAU?$_Tree_node@U?$pair@$$CBGG@std@@PEAX@1@AEBUpiecewise_construct_t@1@$$QEAV?$tuple@AEBG@1@$$QEAV?$tuple@$$$V@1@@Z@4HA 0000000140016e10     FestoCommLib:festo_udp_func.obj
 0004:00000e1c       $pdata$?catch$0@?0???$_Insert_hint@AEAU?$pair@$$CBGG@std@@PEAU?$_Tree_node@U?$pair@$$CBGG@std@@PEAX@2@@?$_Tree@V?$_Tmap_traits@GGU?$less@G@std@@V?$allocator@U?$pair@$$CBGG@std@@@2@$0A@@std@@@std@@IEAA?AV?$_Tree_iterator@V?$_Tree_val@U?$_Tree_simple_types@U?$pair@$$CBGG@std@@@std@@@std@@@1@V?$_Tree_const_iterator@V?$_Tree_val@U?$_Tree_simple_types@U?$pair@$$CBGG@std@@@std@@@std@@@1@AEAU?$pair@$$CBGG@1@PEAU?$_Tree_node@U?$pair@$$CBGG@std@@PEAX@1@@Z@4HA 0000000140016e1c     FestoCommLib:festo_udp_func.obj
 0004:00000e28       $pdata$?catch$0@?0???$_Insert_nohint@AEAU?$pair@$$CBGG@std@@PEAU?$_Tree_node@U?$pair@$$CBGG@std@@PEAX@2@@?$_Tree@V?$_Tmap_traits@GGU?$less@G@std@@V?$allocator@U?$pair@$$CBGG@std@@@2@$0A@@std@@@std@@IEAA?AU?$pair@V?$_Tree_iterator@V?$_Tree_val@U?$_Tree_simple_types@U?$pair@$$CBGG@std@@@std@@@std@@@std@@_N@1@_NAEAU?$pair@$$CBGG@1@PEAU?$_Tree_node@U?$pair@$$CBGG@std@@PEAX@1@@Z@4HA 0000000140016e28     FestoCommLib:festo_udp_func.obj
 0004:00000e34       $pdata$?catch$0@?0??LuxorSendTriggerRequest@@YA?AW4eUdpStatus@@V?$basic_string@DU?$char_traits@D@std@@V?$allocator@D@2@@std@@0@Z@4HA 0000000140016e34     FestoCommLib:festo_udp_func.obj
 0004:00000e40       $pdata$?catch$0@?0??LuxorSwitchAquisitionMode@@YA?AW4eUdpStatus@@V?$basic_string@DU?$char_traits@D@std@@V?$allocator@D@2@@std@@00@Z@4HA 0000000140016e40     FestoCommLib:festo_udp_func.obj
 0004:00000e4c       $pdata$?catch$1@?0??LuxorSwitchAquisitionMode@@YA?AW4eUdpStatus@@V?$basic_string@DU?$char_traits@D@std@@V?$allocator@D@2@@std@@00@Z@4HA 0000000140016e4c     FestoCommLib:festo_udp_func.obj
 0004:00000e58       $pdata$?catch$0@?0??LuxorTriggerAndReceive6DPose@@YA?AW4eUdpStatus@@AEAV?$array@M$05@std@@V?$basic_string@DU?$char_traits@D@std@@V?$allocator@D@2@@3@1@Z@4HA 0000000140016e58     FestoCommLib:festo_udp_func.obj
 0004:00000e64       $pdata$?catch$0@?0??_Buyheadnode@?$_Tree_alloc@$0A@U?$_Tree_base_types@U?$pair@$$CBGG@std@@V?$allocator@U?$pair@$$CBGG@std@@@2@@std@@@std@@QEAAPEAU?$_Tree_node@U?$pair@$$CBGG@std@@PEAX@2@XZ@4HA 0000000140016e64     FestoCommLib:festo_udp_func.obj
 0004:00000e70       $pdata$?catch$0@?0??_Buynode0@?$_Tree_buy@U?$pair@$$CBGG@std@@V?$allocator@U?$pair@$$CBGG@std@@@2@@std@@QEAAPEAU?$_Tree_node@U?$pair@$$CBGG@std@@PEAX@2@XZ@4HA 0000000140016e70     FestoCommLib:festo_udp_func.obj
 0004:00000e7c       $pdata$?catch$0@?0??_Reallocate@?$vector@EV?$allocator@E@std@@@std@@IEAAX_K@Z@4HA 0000000140016e7c     FestoCommLib:festo_udp_func.obj
 0004:00000e88       $pdata$?catch$0@?0??resize@?$vector@EV?$allocator@E@std@@@std@@QEAAX_KAEBE@Z@4HA 0000000140016e88     FestoCommLib:festo_udp_func.obj
 0004:00000e94       $pdata$?dtor$0@?0???__Eerrno_ecat@system@boost@@YAXXZ@4HA 0000000140016e94     libboost_system-vc120-mt-1_63:error_code.obj
 0004:00000e94       $pdata$?dtor$0@?0???__Eposix_category@system@boost@@YAXXZ@4HA 0000000140016e94     libboost_system-vc120-mt-1_63:error_code.obj
 0004:00000e94       $pdata$?dtor$0@?0??generic_category@system@boost@@YAAEBVerror_category@12@XZ@4HA 0000000140016e94     libboost_system-vc120-mt-1_63:error_code.obj
 0004:00000e94       $pdata$?dtor$0@?0??make_error_condition@errc@system@boost@@YA?AVerror_condition@23@W4errc_t@123@@Z@4HA 0000000140016e94     libboost_system-vc120-mt-1_63:error_code.obj
 0004:00000ea0       $pdata$?dtor$0@?0??default_error_condition@system_error_category@?A0x268fe48c@system@boost@@UEBA?AVerror_condition@34@H@Z@4HA 0000000140016ea0     libboost_system-vc120-mt-1_63:error_code.obj
 0004:00000ea0       $pdata$?dtor$0@?0???__Enative_ecat@system@boost@@YAXXZ@4HA 0000000140016ea0     libboost_system-vc120-mt-1_63:error_code.obj
 0004:00000ea0       $pdata$?dtor$0@?0??system_category@system@boost@@YAAEBVerror_category@12@XZ@4HA 0000000140016ea0     libboost_system-vc120-mt-1_63:error_code.obj
 0004:00000ea0       $pdata$?dtor$0@?0???__Ethrows@system@boost@@YAXXZ@4HA 0000000140016ea0     libboost_system-vc120-mt-1_63:error_code.obj
 0004:00000eac       $pdata$?dtor$0@?0??message@generic_error_category@?A0x268fe48c@system@boost@@UEBA?AV?$basic_string@DU?$char_traits@D@std@@V?$allocator@D@2@@std@@H@Z@4HA 0000000140016eac     libboost_system-vc120-mt-1_63:error_code.obj
 0004:00000eb8       $pdata$?dtor$1@?0??message@generic_error_category@?A0x268fe48c@system@boost@@UEBA?AV?$basic_string@DU?$char_traits@D@std@@V?$allocator@D@2@@std@@H@Z@4HA 0000000140016eb8     libboost_system-vc120-mt-1_63:error_code.obj
 0004:00000ec4       $pdata$?dtor$1@?0??message@system_error_category@?A0x268fe48c@system@boost@@UEBA?AV?$basic_string@DU?$char_traits@D@std@@V?$allocator@D@2@@std@@H@Z@4HA 0000000140016ec4     libboost_system-vc120-mt-1_63:error_code.obj
 0004:00000ed0       $pdata$_onexit$fin$0       0000000140016ed0     MSVCRT:atonexit.obj
 0004:00000edc       $pdata$__tmainCRTStartup$filt$0 0000000140016edc     MSVCRT:crtexe.obj
 0004:00000ee8       $pdata$?fin$0@?0???_M@YAXPEAX_KHP6AX0@Z@Z@4HA 0000000140016ee8     MSVCRT:ehvecdtr.obj
 0004:00000ef4       $pdata$?filt$0@?0??__ArrayUnwind@@YAXPEAX_KHP6AX0@Z@Z@4HA 0000000140016ef4     MSVCRT:ehvecdtr.obj
 0004:00000f00       $pdata$_IsNonwritableInCurrentImage$filt$0 0000000140016f00     MSVCRT:pesect.obj
 0004:00000f0c       $pdata$??__FsCounter@udp@@YAXXZ 0000000140016f0c     FestoCommLib:festo_udp_func.obj
 0004:00000f18       $pdata$??__Funknown_err@?1??message@generic_error_category@?A0x268fe48c@system@boost@@UEBA?AV?$basic_string@DU?$char_traits@D@std@@V?$allocator@D@2@@std@@H@Z@YAXXZ 0000000140016f18     libboost_system-vc120-mt-1_63:error_code.obj
 0004:00000f24       $pdata$0$??__Funknown_err@?1??message@generic_error_category@?A0x268fe48c@system@boost@@UEBA?AV?$basic_string@DU?$char_traits@D@std@@V?$allocator@D@2@@std@@H@Z@YAXXZ 0000000140016f24     libboost_system-vc120-mt-1_63:error_code.obj
 0004:00000f30       $pdata$1$??__Funknown_err@?1??message@generic_error_category@?A0x268fe48c@system@boost@@UEBA?AV?$basic_string@DU?$char_traits@D@std@@V?$allocator@D@2@@std@@H@Z@YAXXZ 0000000140016f30     libboost_system-vc120-mt-1_63:error_code.obj
 0005:00000060       $R000000                   0000000140017060     * linker generated manifest res *
